******************************************************************************
                  TI ARM Linker PC v20.2.7                     
******************************************************************************
>> Linked Sun Mar  1 19:07:23 2026

OUTPUT FILE NAME:   <FinalProject.out>
ENTRY POINT SYMBOL: "_c_int00_noargs"  address: 2000d181


MEMORY CONFIGURATION

         name            origin    length      used     unused   attr    fill
----------------------  --------  ---------  --------  --------  ----  --------
  SRAM_CODE             20004000   00013000  0000a26a  00008d96  RW X
  SRAM_DATA             20017000   00019000  000012b2  00017d4e  RW X


SEGMENT ALLOCATION MAP

run origin  load origin   length   init length attrs members
----------  ----------- ---------- ----------- ----- -------
20004000    20004000    0000a270   0000a270    r-x
  20004000    20004000    00000400   00000400    r-- .intvecs
  20004400    20004400    000092fa   000092fa    r-x .text
  2000d6fc    2000d6fc    00000a90   00000a90    r-- .const
  2000e190    2000e190    000000e0   000000e0    r-- .cinit
20017000    20017000    00000ab4   00000000    rw-
  20017000    20017000    00000800   00000000    rw- .sysmem
  20017800    20017800    000001fe   00000000    rw- .bss
  20017a00    20017a00    000000b4   00000000    rw- .data
2002f800    2002f800    00000800   00000000    rw-
  2002f800    2002f800    00000800   00000000    rw- .stack


SECTION ALLOCATION MAP

 output                                  attributes/
section   page    origin      length       input sections
--------  ----  ----------  ----------   ----------------
.intvecs   0    20004000    00000400     
                  20004000    00000400     startup_ccs.obj (.intvecs)

.init_array 
*          0    20004000    00000000     UNINITIALIZED

.text      0    20004400    000092fa     
                  20004400    00000ed8     network_utils.obj (.text)
                  200052d8    00000a80     Adafruit_GFX.obj (.text)
                  20005d58    00000a4e     rtsv7M4_T_le_eabi.lib : _printfi.c.obj (.text:__TI_printfi)
                  200067a6    00000002     driverlib.a : interrupt.obj (.text:IntDefaultHandler)
                  200067a8    00000590     simplelink.a : driver.obj (.text:_SlDrvMsgRead)
                  20006d38    000004aa     Adafruit_OLED.obj (.text)
                  200071e2    00000002     rtsv7M4_T_le_eabi.lib : _lock.c.obj (.text:_nop)
                  200071e4    00000398     gpio_if.obj (.text)
                  2000757c    00000280     simplelink.a : wlan.obj (.text:sl_WlanConnect)
                  200077fc    0000027c     uart_if.obj (.text)
                  20007a78    00000268     rtsv7M4_T_le_eabi.lib : _printfi.c.obj (.text:_pconv_a)
                  20007ce0    00000248     simplelink.a : driver.obj (.text:_SlDrvRxHdrRead)
                  20007f28    00000218     OLED.obj (.text)
                  20008140    000001d0     simplelink.a : driver.obj (.text:_SlDrvReleasePoolObj)
                  20008310    000001cc     rtsv7M4_T_le_eabi.lib : _printfi.c.obj (.text:_pconv_g)
                  200084dc    000001b6                           : fd_add_t2.asm.obj (.text)
                  20008692    00000002                           : div0.asm.obj (.text)
                  20008694    000001b4     simplelink.a : driver.obj (.text:_SlDrvDriverCBInit)
                  20008848    0000019c                  : driver.obj (.text:_SlDrvMsgWrite)
                  200089e4    00000190                  : driver.obj (.text:_SlDrvWaitForPoolObj)
                  20008b74    0000018c                  : socket.obj (.text:sl_Connect)
                  20008d00    00000178     driverlib.a : prcm.obj (.text:PRCMCC3200MCUInit)
                  20008e78    00000170     simplelink.a : driver.obj (.text:_SlFindAndSetActiveObj)
                  20008fe8    00000148                  : cc_pal.obj (.text:spi_Open)
                  20009130    00000144                  : driver.obj (.text:_SlDrvMsgReadCmdCtx)
                  20009274    00000144                  : netapp.obj (.text:sl_NetAppDnsGetHostByName)
                  200093b8    0000013c     rtsv7M4_T_le_eabi.lib : _printfi.c.obj (.text:_pconv_e)
                  200094f4    00000136                           : fd_div_t2.asm.obj (.text)
                  2000962a    00000002     --HOLE-- [fill = 0]
                  2000962c    00000130     simplelink.a : driver.obj (.text:_SlDrvDriverCBDeinit)
                  2000975c    00000120     rtsv7M4_T_le_eabi.lib : _printfi.c.obj (.text:fcvt)
                  2000987c    00000106     pin_mux_config.obj (.text)
                  20009982    00000104     simplelink.a : netapp.obj (.text:_SlDrvNetAppEventHandler)
                  20009a86    00000002     --HOLE-- [fill = 0]
                  20009a88    00000100     rtsv7M4_T_le_eabi.lib : memory.c.obj (.text:aligned_alloc)
                  20009b88    000000fc                           : fd_mul_t2.asm.obj (.text)
                  20009c84    000000f0     simplelink.a : device.obj (.text:sl_Stop)
                  20009d74    000000f0                  : cc_pal.obj (.text:spi_Read)
                  20009e64    000000f0     driverlib.a : udma.obj (.text:uDMAChannelTransferSet)
                  20009f54    000000ec     simplelink.a : device.obj (.text:sl_Start)
                  2000a040    000000e8                  : driver.obj (.text:_SlAsyncEventGenericHandler)
                  2000a128    000000e8                  : driver.obj (.text:_SlDrvMsgReadSpawnCtx)
                  2000a210    000000e4     rtsv7M4_T_le_eabi.lib : memory.c.obj (.text:free)
                  2000a2f4    000000e4                           : memory.c.obj (.text:realloc)
                  2000a3d8    000000e4     simplelink.a : netapp.obj (.text:sl_NetAppMDNSRegisterUnregisterService)
                  2000a4bc    000000e0     main.obj (.text)
                  2000a59c    000000dc     simplelink.a : driver.obj (.text:_SlDrvClassifyRxMsg)
                  2000a678    000000d0     rtsv7M4_T_le_eabi.lib : s_scalbn.c.obj (.text:scalbn)
                  2000a748    000000cc     simplelink.a : netapp.obj (.text:_sl_HandleAsync_DnsGetHostByService)
                  2000a814    000000cc                  : device.obj (.text:sl_DevGet)
                  2000a8e0    000000c4                  : driver.obj (.text:_SlRemoveFromList)
                  2000a9a4    000000c0                  : driver.obj (.text:_SlDrvCmdOp)
                  2000aa64    000000b1     rtsv7M4_T_le_eabi.lib : _printfi.c.obj (.text:_ltostr)
                  2000ab15    00000003     --HOLE-- [fill = 0]
                  2000ab18    000000b0     simplelink.a : nonos.obj (.text:_SlNonOsSemGet)
                  2000abc8    000000a8     driverlib.a : interrupt.obj (.text:IntDisable)
                  2000ac70    000000a8                 : interrupt.obj (.text:IntEnable)
                  2000ad18    000000a4     simplelink.a : driver.obj (.text:_SlDriverHandleError)
                  2000adbc    000000a0     driverlib.a : spi.obj (.text:SPIConfigSetExpClk)
                  2000ae5c    0000009c     rtsv7M4_T_le_eabi.lib : memcpy_t2.asm.obj (.text)
                  2000aef8    0000009a     simplelink.a : device.obj (.text:_SlDrvDeviceEventHandler)
                  2000af92    00000002     --HOLE-- [fill = 0]
                  2000af94    00000098                  : netcfg.obj (.text:sl_NetCfgSet)
                  2000b02c    00000098                  : socket.obj (.text:sl_SetSockOpt)
                  2000b0c4    00000098                  : wlan.obj (.text:sl_WlanSet)
                  2000b15c    00000098                  : cc_pal.obj (.text:spi_Write)
                  2000b1f4    00000096     rtsv7M4_T_le_eabi.lib : ull_div_t2.asm.obj (.text)
                  2000b28a    00000002     --HOLE-- [fill = 0]
                  2000b28c    00000094     driverlib.a : prcm.obj (.text:PRCMPeripheralClockGet)
                  2000b320    00000090     simplelink.a : netapp.obj (.text:_sl_HandleAsync_DnsGetHostByName)
                  2000b3b0    00000090                  : netapp.obj (.text:_sl_HandleAsync_PingResponse)
                  2000b440    00000090                  : wlan.obj (.text:sl_WlanPolicySet)
                  2000b4d0    0000008c                  : cc_pal.obj (.text:SetupDMAReceive)
                  2000b55c    0000008c                  : cc_pal.obj (.text:SetupDMASend)
                  2000b5e8    0000008c                  : driver.obj (.text:_SlDrvIsTimeoutExpired)
                  2000b674    0000008c                  : device.obj (.text:_sl_HandleAsync_InitComplete)
                  2000b700    0000008c                  : socket.obj (.text:sl_Socket)
                  2000b78c    00000088     driverlib.a : pin.obj (.text:PinConfigSet)
                  2000b814    00000086     rtsv7M4_T_le_eabi.lib : fd_cmp_t2.asm.obj (.text:__aeabi_cdcmple)
                  2000b89a    00000086                           : fd_cmp_t2.asm.obj (.text:__aeabi_cdrcmple)
                  2000b920    00000084     simplelink.a : wlan.obj (.text:sl_WlanRxFilterSet)
                  2000b9a4    00000082     driverlib.a : gpio.obj (.text:GPIOIntTypeSet)
                  2000ba26    00000002     --HOLE-- [fill = 0]
                  2000ba28    00000080     simplelink.a : socket.obj (.text:_sl_HandleAsync_Connect)
                  2000baa8    00000080                  : cc_pal.obj (.text:spi_Read_CPU)
                  2000bb28    00000080                  : cc_pal.obj (.text:spi_Write_CPU)
                  2000bba8    0000007a     rtsv7M4_T_le_eabi.lib : memset_t2.asm.obj (.text)
                  2000bc22    00000002     --HOLE-- [fill = 0]
                  2000bc24    00000078     simplelink.a : cc_pal.obj (.text:spi_Close)
                  2000bc9c    00000076     driverlib.a : uart.obj (.text:UARTConfigSetExpClk)
                  2000bd12    00000002     --HOLE-- [fill = 0]
                  2000bd14    00000074     simplelink.a : nonos.obj (.text:_SlNonOsMainLoopTask)
                  2000bd88    00000070     rtsv7M4_T_le_eabi.lib : memory.c.obj (.text:split)
                  2000bdf8    0000006e                           : _printfi.c.obj (.text:_mcpy)
                  2000be66    00000002     --HOLE-- [fill = 0]
                  2000be68    0000006c     simplelink.a : driver.obj (.text:_SlDrvCmdSend)
                  2000bed4    0000006c                  : netapp.obj (.text:_sl_NetAppSendTokenValue)
                  2000bf40    00000068     rtsv7M4_T_le_eabi.lib : copy_decompress_lzss.c.obj (.text:decompress:lzss:__TI_decompress_lzss)
                  2000bfa8    00000064     simplelink.a : nonos.obj (.text:_SlNonOsSpawn)
                  2000c00c    00000064                  : socket.obj (.text:_sl_HandleAsync_Accept)
                  2000c070    00000064                  : netapp.obj (.text:sl_NetAppMDNSUnRegisterService)
                  2000c0d4    00000064     driverlib.a : udma.obj (.text:uDMAChannelAttributeDisable)
                  2000c138    00000064                 : udma.obj (.text:uDMAChannelAttributeEnable)
                  2000c19c    00000060     simplelink.a : wlan.obj (.text:sl_WlanProfileDel)
                  2000c1fc    00000060                  : wlan.obj (.text:sl_WlanSetMode)
                  2000c25c    0000005c     rtsv7M4_T_le_eabi.lib : s_frexp.c.obj (.text:frexp)
                  2000c2b8    00000058     driverlib.a : interrupt.obj (.text:IntPendClear)
                  2000c310    00000058                 : prcm.obj (.text:PRCMPeripheralReset)
                  2000c368    00000056     rtsv7M4_T_le_eabi.lib : _printfi.c.obj (.text:_pconv_f)
                  2000c3be    00000002     --HOLE-- [fill = 0]
                  2000c3c0    00000054     driverlib.a : interrupt.obj (.text:IntPrioritySet)
                  2000c414    00000054     simplelink.a : driver.obj (.text:_SlDrvRxIrqHandler)
                  2000c468    00000054     rtsv7M4_T_le_eabi.lib : _ltoa.c.obj (.text:__TI_ltoa)
                  2000c4bc    00000054     simplelink.a : socket.obj (.text:_sl_HandleAsync_Select)
                  2000c510    00000052     rtsv7M4_T_le_eabi.lib : _printfi.c.obj (.text:_ecpy)
                  2000c562    00000002     --HOLE-- [fill = 0]
                  2000c564    00000050     simplelink.a : device.obj (.text:_sl_HandleAsync_Stop)
                  2000c5b4    0000004c     driverlib.a : spi.obj (.text:SPIIntEnable)
                  2000c600    0000004c                 : spi.obj (.text:SPIIntNumberGet)
                  2000c64c    0000004c     simplelink.a : driver.obj (.text:_SlDrvProtectAsyncRespSetting)
                  2000c698    0000004c                  : socket.obj (.text:_sl_BuildAddress)
                  2000c6e4    0000004c     rtsv7M4_T_le_eabi.lib : atoi.c.obj (.text:atoi)
                  2000c730    0000004c     driverlib.a : udma.obj (.text:uDMAChannelAssign)
                  2000c77c    00000048                 : gpio.obj (.text:GPIOGetIntNumber)
                  2000c7c4    00000048                 : spi.obj (.text:SPIIntClear)
                  2000c80c    00000048     simplelink.a : driver.obj (.text:_SlDrvBasicCmd)
                  2000c854    00000048     rtsv7M4_T_le_eabi.lib : fd_toi_t2.asm.obj (.text)
                  2000c89c    00000044     driverlib.a : spi.obj (.text:SPIDmaMaskGet)
                  2000c8e0    00000044                 : timer.obj (.text:TimerConfigure)
                  2000c924    00000044     simplelink.a : driver.obj (.text:_SlDrvHandleHttpServerEvents)
                  2000c968    00000044                  : driver.obj (.text:_SlDrvSyncObjWaitTimeout)
                  2000c9ac    00000044     rtsv7M4_T_le_eabi.lib : autoinit.c.obj (.text:__TI_auto_init_nobinit_nopinit:__TI_auto_init_nobinit_nopinit)
                  2000c9f0    00000044     simplelink.a : cc_pal.obj (.text:cc_SetupTransfer)
                  2000ca34    00000042                  : socket.obj (.text:sl_Htonl)
                  2000ca76    00000002     --HOLE-- [fill = 0]
                  2000ca78    00000040     driverlib.a : pin.obj (.text:PinModeSet)
                  2000cab8    00000040     simplelink.a : driver.obj (.text:_SlDrvHandleNetAppEvents)
                  2000caf8    00000040                  : driver.obj (.text:_SlDrvHandleWlanEvents)
                  2000cb38    00000040     rtsv7M4_T_le_eabi.lib : vsnprintf.c.obj (.text:vsnprintf)
                  2000cb78    0000003e     simplelink.a : cc_pal.obj (.text:NwpRegisterInterruptHandler)
                  2000cbb6    0000003e     rtsv7M4_T_le_eabi.lib : _printfi.c.obj (.text:_fcpy)
                  2000cbf4    0000003c     simplelink.a : netapp.obj (.text:CopyPingResultsToReport)
                  2000cc30    0000003c     driverlib.a : prcm.obj (.text:PRCMPeripheralClkEnable)
                  2000cc6c    0000003c     simplelink.a : cc_pal.obj (.text:simplelink_timerA2_start)
                  2000cca8    0000003c                  : socket.obj (.text:sl_Htons)
                  2000cce4    0000003c     driverlib.a : udma.obj (.text:uDMAChannelControlSet)
                  2000cd20    00000038     simplelink.a : cc_pal.obj (.text:NwpPowerOff)
                  2000cd58    00000038                  : wlan.obj (.text:sl_WlanDisconnect)
                  2000cd90    00000036     driverlib.a : gpio.obj (.text:GPIODirModeSet)
                  2000cdc6    00000002     --HOLE-- [fill = 0]
                  2000cdc8    00000034                 : prcm.obj (.text:PRCMPeripheralStatusGet)
                  2000cdfc    00000034                 : spi.obj (.text:SPIFIFOLevelSet)
                  2000ce30    00000030     DistanceSensor.obj (.text)
                  2000ce60    00000030     driverlib.a : pin.obj (.text:PinTypeGPIO)
                  2000ce90    00000030                 : uart.obj (.text:UARTDisable)
                  2000cec0    00000030     rtsv7M4_T_le_eabi.lib : vsnprintf.c.obj (.text:_outs)
                  2000cef0    0000002e                           : i_tofd_t2.asm.obj (.text)
                  2000cf1e    00000002     --HOLE-- [fill = 0]
                  2000cf20    0000002c     simplelink.a : cc_pal.obj (.text:NwpPowerOn)
                  2000cf4c    0000002c     driverlib.a : prcm.obj (.text:PRCMSysResetCauseGet)
                  2000cf78    0000002c     simplelink.a : driver.obj (.text:_SlDrvObjGlobalLockWaitForever)
                  2000cfa4    0000002c                  : driver.obj (.text:_SlDrvProtectionObjLockWaitForever)
                  2000cfd0    0000002a     driverlib.a : timer.obj (.text:TimerLoadSet)
                  2000cffa    0000002a                 : timer.obj (.text:TimerPrescaleSet)
                  2000d024    00000028                 : prcm.obj (.text:PRCMPeripheralClkDisable)
                  2000d04c    00000028     simplelink.a : driver.obj (.text:_SlDrvGlobalObjUnLock)
                  2000d074    00000028                  : driver.obj (.text:_SlDrvProtectionObjUnLock)
                  2000d09c    00000028                  : driver.obj (.text:_SlDrvSyncObjWaitForever)
                  2000d0c4    00000028     rtsv7M4_T_le_eabi.lib : memory.c.obj (.text:free_list_insert)
                  2000d0ec    00000028                           : memmov.c.obj (.text:memmove)
                  2000d114    00000024     simplelink.a : cc_pal.obj (.text:DmaSpiSwIntHandler)
                  2000d138    00000024     driverlib.a : interrupt.obj (.text:IntUnregister)
                  2000d15c    00000024                 : uart.obj (.text:UARTEnable)
                  2000d180    00000024     rtsv7M4_T_le_eabi.lib : boot_cortex_m.c.obj (.text:_c_int00_noargs:_c_int00_noargs)
                  2000d1a4    00000022     driverlib.a : spi.obj (.text:SPIReset)
                  2000d1c6    00000022                 : spi.obj (.text:SPIWordCountSet)
                  2000d1e8    00000020                 : gpio.obj (.text:GPIOPinWrite)
                  2000d208    00000020                 : interrupt.obj (.text:IntRegister)
                  2000d228    00000020     simplelink.a : cc_pal.obj (.text:NwpPrePowerOffTimout0)
                  2000d248    00000020     driverlib.a : spi.obj (.text:SPIDataGet)
                  2000d268    00000020     simplelink.a : cc_pal.obj (.text:TimerGetCurrentTimestamp)
                  2000d288    00000020                  : driver.obj (.text:_SlDrvSyncObjSignal)
                  2000d2a8    0000001e     driverlib.a : gpio.obj (.text:GPIOIntRegister)
                  2000d2c6    0000001e                 : spi.obj (.text:SPIDataPut)
                  2000d2e4    0000001e                 : timer.obj (.text:TimerEnable)
                  2000d302    0000001e                 : uart.obj (.text:UARTCharPut)
                  2000d320    0000001e     simplelink.a : cc_pal.obj (.text:cc_UDMAChannelSelect)
                  2000d33e    0000001c     driverlib.a : timer.obj (.text:TimerValueGet)
                  2000d35a    0000001c                 : uart.obj (.text:UARTCharGetNonBlocking)
                  2000d376    0000001c     simplelink.a : driver.obj (.text:_SlDrvStartMeasureTimeout)
                  2000d392    0000001c     rtsv7M4_T_le_eabi.lib : copy_zero_init.c.obj (.text:decompress:ZI:__TI_zero_init_nomemset:__TI_zero_init_nomemset)
                  2000d3ae    00000002     --HOLE-- [fill = 0]
                  2000d3b0    0000001c                           : memory.c.obj (.text:free_list_remove)
                  2000d3cc    0000001c                           : memccpy.c.obj (.text:memccpy)
                  2000d3e8    0000001c     driverlib.a : udma.obj (.text:uDMAChannelEnable)
                  2000d404    0000001a                 : gpio.obj (.text:GPIOIntEnable)
                  2000d41e    0000001a                 : pin.obj (.text:PinTypeSPI)
                  2000d438    0000001a                 : pin.obj (.text:PinTypeUART)
                  2000d452    0000001a                 : spi.obj (.text:SPIDmaDisable)
                  2000d46c    0000001a                 : spi.obj (.text:SPIDmaEnable)
                  2000d486    0000001a                 : spi.obj (.text:SPIFIFODisable)
                  2000d4a0    0000001a                 : spi.obj (.text:SPIFIFOEnable)
                  2000d4ba    0000001a                 : spi.obj (.text:SPIIntUnregister)
                  2000d4d4    00000018                 : gpio.obj (.text:GPIOPinRead)
                  2000d4ec    00000018                 : spi.obj (.text:SPICSDisable)
                  2000d504    00000018                 : spi.obj (.text:SPICSEnable)
                  2000d51c    00000018                 : spi.obj (.text:SPIDisable)
                  2000d534    00000018                 : spi.obj (.text:SPIEnable)
                  2000d54c    00000018                 : uart.obj (.text:UARTCharsAvail)
                  2000d564    00000018     simplelink.a : nonos.obj (.text:_SlNonOsSemSet)
                  2000d57c    00000018     rtsv7M4_T_le_eabi.lib : vsnprintf.c.obj (.text:_outc)
                  2000d594    00000018     simplelink.a : device.obj (.text:_sl_GetStartResponseConvert)
                  2000d5ac    00000016     driverlib.a : prcm.obj (.text:PRCMHIBRegRead)
                  2000d5c2    00000016                 : prcm.obj (.text:PRCMHIBRegWrite)
                  2000d5d8    00000016     simplelink.a : driver.obj (.text:_SlDrvMemZero)
                  2000d5ee    00000016     rtsv7M4_T_le_eabi.lib : strchr.c.obj (.text:strchr)
                  2000d604    00000014     driverlib.a : cpu.obj (.text:CPUcpsie)
                  2000d618    00000014                 : gpio.obj (.text:GPIOIntClear)
                  2000d62c    00000014                 : interrupt.obj (.text:IntVTableBaseSet)
                  2000d640    00000014     rtsv7M4_T_le_eabi.lib : strlen.c.obj (.text:strlen)
                  2000d654    00000012                           : wcslen.c.obj (.text:wcslen)
                  2000d666    00000010     simplelink.a : driver.obj (.text:_SlDrvDispatchHttpServerEvents)
                  2000d676    0000000e                  : driver.obj (.text:_SlDrvResetCmdExt)
                  2000d684    0000000e     rtsv7M4_T_le_eabi.lib : copy_decompress_none.c.obj (.text:decompress:none:__TI_decompress_none)
                  2000d692    0000000e     startup_ccs.obj (.text)
                  2000d6a0    0000000c     Network.obj (.text)
                  2000d6ac    0000000c     simplelink.a : cc_pal.obj (.text:NwpMaskInterrupt)
                  2000d6b8    0000000c                  : cc_pal.obj (.text:NwpUnMaskInterrupt)
                  2000d6c4    0000000c     rtsv7M4_T_le_eabi.lib : s_copysign.c.obj (.text:copysign)
                  2000d6d0    0000000a     driverlib.a : interrupt.obj (.text:IntMasterEnable)
                  2000d6da    00000002     --HOLE-- [fill = 0]
                  2000d6dc    00000008     rtsv7M4_T_le_eabi.lib : errno.c.obj (.text:__aeabi_errno_addr)
                  2000d6e4    00000008                           : memory.c.obj (.text:malloc)
                  2000d6ec    00000006     driverlib.a : utils.obj (.text:UtilsDelay)
                  2000d6f2    00000004     rtsv7M4_T_le_eabi.lib : pre_init.c.obj (.text:_system_pre_init)
                  2000d6f6    00000004                           : exit.c.obj (.text:abort:abort)

.const     0    2000d6fc    00000a90     
                  2000d6fc    000004fb     Adafruit_GFX.obj (.const:.string:font)
                  2000dbf7    00000101     rtsv7M4_T_le_eabi.lib : ctype.c.obj (.const:.string:_ctypes_)
                  2000dcf8    00000100     driverlib.a : pin.obj (.const:g_ulPinToPadMap)
                  2000ddf8    000000d4                 : interrupt.obj (.const:g_pulRegs)
                  2000decc    000000a8                 : prcm.obj (.const:PRCM_PeriphRegsList)
                  2000df74    0000003c     simplelink.a : driver.obj (.const:OpcodeTranslateTable)
                  2000dfb0    00000038                  : driver.obj (.const:_SlActionLookupTable)
                  2000dfe8    0000002c     network_utils.obj (.const:$P$T1$2)
                  2000e014    00000024     driverlib.a : spi.obj (.const:g_ppulSPIIntMap)
                  2000e038    00000022     network_utils.obj (.const:.string:$P$T0$1)
                  2000e05a    00000002     --HOLE-- [fill = 0]
                  2000e05c    00000020     simplelink.a : driver.obj (.const:RxMsgClassLUT)
                  2000e07c    00000018     driverlib.a : interrupt.obj (.const:g_pulDisRegs)
                  2000e094    00000018                 : interrupt.obj (.const:g_pulEnRegs)
                  2000e0ac    00000018                 : interrupt.obj (.const:g_pulUnpendRegs)
                  2000e0c4    00000018                 : spi.obj (.const:g_ulSPIDmaMaskMap)
                  2000e0dc    00000014     simplelink.a : driver.obj (.const:$P$T0$1)
                  2000e0f0    00000014                  : nonos.obj (.const:$P$T0$1)
                  2000e104    00000014     network_utils.obj (.const:$P$T2$3)
                  2000e118    0000000c     network_utils.obj (.const:$P$T4$5)
                  2000e124    0000000c     network_utils.obj (.const:.string:$P$T3$4)
                  2000e130    00000008     simplelink.a : device.obj (.const:StartResponseLUT)
                  2000e138    00000008                  : driver.obj (.const:g_H2NCnysPattern)
                  2000e140    00000008                  : driver.obj (.const:g_H2NSyncPattern)
                  2000e148    00000004                  : wlan.obj (.const:$P$T0$1)
                  2000e14c    00000004                  : socket.obj (.const:$P$T2$3)
                  2000e150    00000004                  : device.obj (.const:_SlDeviceGetCmdCtrl)
                  2000e154    00000004                  : netapp.obj (.const:_SlGetHostByNameCtrl)
                  2000e158    00000004                  : netapp.obj (.const:_SlNetAppSendTokenValueCmdCtrl)
                  2000e15c    00000004                  : netcfg.obj (.const:_SlNetCfgSetCmdCtrl)
                  2000e160    00000004                  : wlan.obj (.const:_SlPolicySetCmdCtrl)
                  2000e164    00000004                  : wlan.obj (.const:_SlProfileDelCmdCtrl)
                  2000e168    00000004                  : netapp.obj (.const:_SlRegisterServiceCtrl)
                  2000e16c    00000004                  : wlan.obj (.const:_SlRxFilterSetCmdCtrl)
                  2000e170    00000004                  : socket.obj (.const:_SlSetSockOptCmdCtrl)
                  2000e174    00000004                  : socket.obj (.const:_SlSockSocketCmdCtrl)
                  2000e178    00000004                  : device.obj (.const:_SlStopCmdCtrl)
                  2000e17c    00000004                  : wlan.obj (.const:_SlWlanCfgSetCmdCtrl)
                  2000e180    00000004                  : wlan.obj (.const:_SlWlanSetModeCmdCtrl)
                  2000e184    00000004                  : driver.obj (.const:httpServer_callbacks)
                  2000e188    00000004                  : driver.obj (.const:netApp_callbacks)

.cinit     0    2000e190    000000e0     
                  2000e190    000000bc     (.cinit..data.load) [load image]
                  2000e24c    0000000c     (__TI_handler_table)
                  2000e258    00000008     (.cinit..bss.load) [load image, compression = zero_init]
                  2000e260    00000010     (__TI_cinit_table)

.sysmem    0    20017000    00000800     UNINITIALIZED
                  20017000    00000010     rtsv7M4_T_le_eabi.lib : memory.c.obj (.sysmem)
                  20017010    000007f0     --HOLE--

.bss       0    20017800    000001fe     UNINITIALIZED
                  20017800    00000168     simplelink.a : driver.obj (.bss:g_StatMem)
                  20017968    00000050     (.common:g_ucDinDout)
                  200179b8    00000024     (.common:g_ucConnectionSSID)
                  200179dc    00000008     (.common:g_app_config)
                  200179e4    00000008     (.common:g_ucConnectionBSSID)
                  200179ec    00000004     uart_if.obj (.bss)
                  200179f0    00000004     (.common:g_Host)
                  200179f4    00000004     (.common:g_port)
                  200179f8    00000001     (.common:RxIrqCnt)
                  200179f9    00000001     (.common:g_bDeviceRestartIsRequired)
                  200179fa    00000001     (.common:g_cDummy)
                  200179fb    00000001     (.common:g_ucLED1Pin)
                  200179fc    00000001     (.common:g_ucLED2Pin)
                  200179fd    00000001     (.common:g_ucLED3Pin)

.data      0    20017a00    000000b4     UNINITIALIZED
                  20017a00    0000003c     simplelink.a : nonos.obj (.data:g__SlNonOsCB)
                  20017a3c    00000015     Adafruit_GFX.obj (.data)
                  20017a51    00000003     --HOLE--
                  20017a54    00000014     gpio_if.obj (.data:ulReg)
                  20017a68    0000000d     simplelink.a : driver.obj (.data)
                  20017a75    00000003     --HOLE--
                  20017a78    0000000c     gpio_if.obj (.data)
                  20017a84    0000000c     network_utils.obj (.data)
                  20017a90    00000009     simplelink.a : cc_pal.obj (.data)
                  20017a99    00000003     --HOLE--
                  20017a9c    00000008     rtsv7M4_T_le_eabi.lib : _lock.c.obj (.data:$O1$$)
                  20017aa4    00000008                           : memory.c.obj (.data:$O1$$)
                  20017aac    00000004                           : errno.c.obj (.data)
                  20017ab0    00000004     simplelink.a : driver.obj (.data:wlan_callbacks)

.stack     0    2002f800    00000800     UNINITIALIZED
                  2002f800    00000004     rtsv7M4_T_le_eabi.lib : boot_cortex_m.c.obj (.stack)
                  2002f804    000007fc     --HOLE--

__llvm_prf_cnts 
*          0    20017000    00000000     UNINITIALIZED

MODULE SUMMARY

       Module                       code    ro data   rw data
       ------                       ----    -------   -------
    .\
       startup_ccs.obj              14      1024      0      
       pin_mux_config.obj           262     0         0      
       main.obj                     224     0         0      
    +--+----------------------------+-------+---------+---------+
       Total:                       500     1024      0      
                                                             
    .\DistanceSensor\
       DistanceSensor.obj           48      0         0      
    +--+----------------------------+-------+---------+---------+
       Total:                       48      0         0      
                                                             
    .\GPIO\
       gpio_if.obj                  920     0         35     
    +--+----------------------------+-------+---------+---------+
       Total:                       920     0         35     
                                                             
    .\Network\
       network_utils.obj            3800    122       72     
       Network.obj                  12      0         0      
    +--+----------------------------+-------+---------+---------+
       Total:                       3812    122       72     
                                                             
    .\OLED\
       Adafruit_GFX.obj             2688    1275      21     
       Adafruit_OLED.obj            1194    0         0      
       OLED.obj                     536     0         0      
    +--+----------------------------+-------+---------+---------+
       Total:                       4418    1275      21     
                                                             
    .\UART\
       uart_if.obj                  636     0         4      
    +--+----------------------------+-------+---------+---------+
       Total:                       636     0         4      
                                                             
    C:/ti/CC3200SDK_1.5.0/cc3200-sdk/driverlib/ccs/Release/driverlib.a
       prcm.obj                     852     168       0      
       spi.obj                      860     60        0      
       interrupt.obj                608     284       0      
       udma.obj                     604     0         0      
       pin.obj                      300     256       0      
       gpio.obj                     388     0         0      
       uart.obj                     284     0         0      
       timer.obj                    210     0         0      
       cpu.obj                      20      0         0      
       utils.obj                    6       0         0      
    +--+----------------------------+-------+---------+---------+
       Total:                       4132    768       0      
                                                             
    C:/ti/CC3200SDK_1.5.0/cc3200-sdk/simplelink/ccs/NON_OS/simplelink.a
       driver.obj                   7016    192       379    
       cc_pal.obj                   1820    0         90     
       netapp.obj                   1572    12        0      
       wlan.obj                     1316    24        0      
       socket.obj                   1202    12        0      
       device.obj                   1078    16        0      
       nonos.obj                    416     20        60     
       netcfg.obj                   152     4         0      
    +--+----------------------------+-------+---------+---------+
       Total:                       14572   280       529    
                                                             
    C:\ti\ccs1250\ccs\tools\compiler\ti-cgt-arm_20.2.7.LTS\lib\rtsv7M4_T_le_eabi.lib
       _printfi.c.obj               4835    0         0      
       memory.c.obj                 900     0         8      
       fd_add_t2.asm.obj            438     0         0      
       fd_div_t2.asm.obj            310     0         0      
       fd_cmp_t2.asm.obj            268     0         0      
       ctype.c.obj                  0       257       0      
       fd_mul_t2.asm.obj            252     0         0      
       s_scalbn.c.obj               208     0         0      
       memcpy_t2.asm.obj            156     0         0      
       ull_div_t2.asm.obj           150     0         0      
       vsnprintf.c.obj              136     0         0      
       memset_t2.asm.obj            122     0         0      
       copy_decompress_lzss.c.obj   104     0         0      
       s_frexp.c.obj                92      0         0      
       _ltoa.c.obj                  84      0         0      
       atoi.c.obj                   76      0         0      
       fd_toi_t2.asm.obj            72      0         0      
       autoinit.c.obj               68      0         0      
       i_tofd_t2.asm.obj            46      0         0      
       memmov.c.obj                 40      0         0      
       boot_cortex_m.c.obj          36      0         0      
       copy_zero_init.c.obj         28      0         0      
       memccpy.c.obj                28      0         0      
       strchr.c.obj                 22      0         0      
       strlen.c.obj                 20      0         0      
       wcslen.c.obj                 18      0         0      
       copy_decompress_none.c.obj   14      0         0      
       errno.c.obj                  8       0         4      
       s_copysign.c.obj             12      0         0      
       _lock.c.obj                  2       0         8      
       exit.c.obj                   4       0         0      
       pre_init.c.obj               4       0         0      
       div0.asm.obj                 2       0         0      
    +--+----------------------------+-------+---------+---------+
       Total:                       8555    257       20     
                                                             
       Heap:                        0       0         2048   
       Stack:                       0       0         2048   
       Linker Generated:            0       224       0      
    +--+----------------------------+-------+---------+---------+
       Grand Total:                 37593   3950      4777   


LINKER GENERATED COPY TABLES

__TI_cinit_table @ 2000e260 records: 2, size/record: 8, table size: 16
	.data: load addr=2000e190, load size=000000bc bytes, run addr=20017a00, run size=000000b4 bytes, compression=copy
	.bss: load addr=2000e258, load size=00000008 bytes, run addr=20017800, run size=000001fe bytes, compression=zero_init


LINKER GENERATED HANDLER TABLE

__TI_handler_table @ 2000e24c records: 3, size/record: 4, table size: 12
	index: 0, handler: __TI_decompress_lzss
	index: 1, handler: __TI_decompress_none
	index: 2, handler: __TI_zero_init


GLOBAL SYMBOLS: SORTED ALPHABETICALLY BY Name 

address   name                                  
-------   ----                                  
20006dcd  Adafruit_Init                         
2000d6f7  C$$EXIT                               
2000d605  CPUcpsie                              
2000783d  ClearTerm                             
20006f47  Color565                              
2000d115  DmaSpiSwIntHandler                    
20007847  Error                                 
2000cd91  GPIODirModeSet                        
2000d619  GPIOIntClear                          
2000d405  GPIOIntEnable                         
2000d2a9  GPIOIntRegister                       
2000b9a5  GPIOIntTypeSet                        
2000d4d5  GPIOPinRead                           
2000d1e9  GPIOPinWrite                          
200074a5  GPIO_IF_ConfigureNIntEnable           
20007531  GPIO_IF_Get                           
2000745f  GPIO_IF_GetPortNPin                   
20007221  GPIO_IF_LedConfigure                  
20007313  GPIO_IF_LedOff                        
2000725f  GPIO_IF_LedOn                         
200073c7  GPIO_IF_LedStatus                     
20007431  GPIO_IF_LedToggle                     
200074ed  GPIO_IF_Set                           
2000787f  GetCmd                                
200077fd  InitTerm                              
2000abc9  IntDisable                            
2000ac71  IntEnable                             
2000d6d1  IntMasterEnable                       
2000c2b9  IntPendClear                          
2000c3c1  IntPrioritySet                        
2000d209  IntRegister                           
2000d139  IntUnregister                         
2000d62d  IntVTableBaseSet                      
2000781b  Message                               
2000d6ad  NwpMaskInterrupt                      
2000cd21  NwpPowerOff                           
2000cf21  NwpPowerOn                            
2000d229  NwpPrePowerOffTimout0                 
2000cb79  NwpRegisterInterruptHandler           
2000d6b9  NwpUnMaskInterrupt                    
2000df74  OpcodeTranslateTable                  
20005c83  Outstr                                
20008d01  PRCMCC3200MCUInit                     
2000d5ad  PRCMHIBRegRead                        
2000d5c3  PRCMHIBRegWrite                       
2000d025  PRCMPeripheralClkDisable              
2000cc31  PRCMPeripheralClkEnable               
2000b28d  PRCMPeripheralClockGet                
2000c311  PRCMPeripheralReset                   
2000cdc9  PRCMPeripheralStatusGet               
2000cf4d  PRCMSysResetCauseGet                  
2000b78d  PinConfigSet                          
2000ca79  PinModeSet                            
2000987d  PinMuxConfig                          
2000ce61  PinTypeGPIO                           
2000d41f  PinTypeSPI                            
2000d439  PinTypeUART                           
200079bd  Report                                
2000d693  ResetISR                              
200179f8  RxIrqCnt                              
2000d4ed  SPICSDisable                          
2000d505  SPICSEnable                           
2000adbd  SPIConfigSetExpClk                    
2000d249  SPIDataGet                            
2000d2c7  SPIDataPut                            
2000d51d  SPIDisable                            
2000d453  SPIDmaDisable                         
2000d46d  SPIDmaEnable                          
2000d535  SPIEnable                             
2000d487  SPIFIFODisable                        
2000d4a1  SPIFIFOEnable                         
2000cdfd  SPIFIFOLevelSet                       
2000a4bd  SPIInit                               
2000c7c5  SPIIntClear                           
2000c5b5  SPIIntEnable                          
2000d4bb  SPIIntUnregister                      
2000d1a5  SPIReset                              
2000d1c7  SPIWordCountSet                       
200045d5  SimpleLinkGeneralEventHandler         
200045b1  SimpleLinkHttpServerCallback          
2000450f  SimpleLinkNetAppEventHandler          
200045f5  SimpleLinkSockEventHandler            
20004401  SimpleLinkWlanEventHandler            
2000c8e1  TimerConfigure                        
2000d2e5  TimerEnable                           
2000d269  TimerGetCurrentTimestamp              
2000cfd1  TimerLoadSet                          
2000cffb  TimerPrescaleSet                      
2000d33f  TimerValueGet                         
20007925  TrimSpace                             
2000d35b  UARTCharGetNonBlocking                
2000d303  UARTCharPut                           
2000d54d  UARTCharsAvail                        
2000bc9d  UARTConfigSetExpClk                   
2000ce91  UARTDisable                           
2000d15d  UARTEnable                            
2000d6ed  UtilsDelay                            
2000dfb0  _SlActionLookupTable                  
2000ad19  _SlDriverHandleError                  
2000c80d  _SlDrvBasicCmd                        
2000a9a5  _SlDrvCmdOp                           
2000be69  _SlDrvCmdSend                         
2000aef9  _SlDrvDeviceEventHandler              
2000d667  _SlDrvDispatchHttpServerEvents        
2000962d  _SlDrvDriverCBDeinit                  
20008695  _SlDrvDriverCBInit                    
2000d04d  _SlDrvGlobalObjUnLock                 
2000c925  _SlDrvHandleHttpServerEvents          
2000cab9  _SlDrvHandleNetAppEvents              
2000caf9  _SlDrvHandleWlanEvents                
2000b5e9  _SlDrvIsTimeoutExpired                
2000d5d9  _SlDrvMemZero                         
2000a129  _SlDrvMsgReadSpawnCtx                 
20009983  _SlDrvNetAppEventHandler              
2000c64d  _SlDrvProtectAsyncRespSetting         
2000cfa5  _SlDrvProtectionObjLockWaitForever    
2000d075  _SlDrvProtectionObjUnLock             
20008141  _SlDrvReleasePoolObj                  
2000d677  _SlDrvResetCmdExt                     
2000c415  _SlDrvRxIrqHandler                    
2000d377  _SlDrvStartMeasureTimeout             
2000d289  _SlDrvSyncObjSignal                   
2000d09d  _SlDrvSyncObjWaitForever              
2000c969  _SlDrvSyncObjWaitTimeout              
200089e5  _SlDrvWaitForPoolObj                  
2000e158  _SlNetAppSendTokenValueCmdCtrl        
2000bd15  _SlNonOsMainLoopTask                  
2000ab19  _SlNonOsSemGet                        
2000d565  _SlNonOsSemSet                        
2000bfa9  _SlNonOsSpawn                         
20030000  __STACK_END                           
00000800  __STACK_SIZE                          
00000800  __SYSMEM_SIZE                         
2000e260  __TI_CINIT_Base                       
2000e270  __TI_CINIT_Limit                      
2000e24c  __TI_Handler_Table_Base               
2000e258  __TI_Handler_Table_Limit              
2000c9ad  __TI_auto_init_nobinit_nopinit        
2000bf41  __TI_decompress_lzss                  
2000d685  __TI_decompress_none                  
2000c469  __TI_ltoa                             
ffffffff  __TI_pprof_out_hndl                   
20005d59  __TI_printfi                          
ffffffff  __TI_prof_data_size                   
ffffffff  __TI_prof_data_start                  
2000e190  __TI_static_base__                    
2000d393  __TI_zero_init_nomemset               
2000b815  __aeabi_cdcmpeq                       
2000b815  __aeabi_cdcmple                       
2000b89b  __aeabi_cdrcmple                      
2000c855  __aeabi_d2iz                          
200084e7  __aeabi_dadd                          
200094f5  __aeabi_ddiv                          
20009b89  __aeabi_dmul                          
200084dd  __aeabi_dsub                          
2000d6dd  __aeabi_errno_addr                    
2000cef1  __aeabi_i2d                           
20008693  __aeabi_idiv0                         
20008693  __aeabi_ldiv0                         
2000bba9  __aeabi_memclr                        
2000bba9  __aeabi_memclr4                       
2000bba9  __aeabi_memclr8                       
2000ae5d  __aeabi_memcpy                        
2000ae5d  __aeabi_memcpy4                       
2000ae5d  __aeabi_memcpy8                       
2000bbab  __aeabi_memset                        
2000bbab  __aeabi_memset4                       
2000bbab  __aeabi_memset8                       
2000b1f5  __aeabi_uldivmod                      
ffffffff  __binit__                             
ffffffff  __c_args__                            
UNDEFED   __mpu_init                            
2002f800  __stack                               
20017000  __start___llvm_prf_cnts               
20017000  __stop___llvm_prf_cnts                
2000d181  _c_int00_noargs                       
2000dbf7  _ctypes_                              
20017a9c  _lock                                 
200071e3  _nop                                  
2000c00d  _sl_HandleAsync_Accept                
2000ba29  _sl_HandleAsync_Connect               
2000b321  _sl_HandleAsync_DnsGetHostByName      
2000a749  _sl_HandleAsync_DnsGetHostByService   
2000b675  _sl_HandleAsync_InitComplete          
2000b3b1  _sl_HandleAsync_PingResponse          
2000c4bd  _sl_HandleAsync_Select                
2000c565  _sl_HandleAsync_Stop                  
2000bed5  _sl_NetAppSendTokenValue              
20017000  _sys_memory                           
UNDEFED   _system_post_cinit                    
2000d6f3  _system_pre_init                      
20017aa0  _unlock                               
2000d6f7  abort                                 
20009a89  aligned_alloc                         
2000c6e5  atoi                                  
ffffffff  binit                                 
20007f29  centerY                               
20004fa5  connectToAccessPoint                  
2000d6c5  copysign                              
2000d6c5  copysignl                             
20017a3c  cursor_x                              
20017a40  cursor_y                              
20008001  displayDoneScreen                     
20007f9d  displayLoadingScreen                  
2000804f  displaySplash                         
20005b37  drawChar                              
200052d9  drawCircle                            
2000540d  drawCircleHelper                      
200070ed  drawFastHLine                         
20007051  drawFastVLine                         
20005653  drawLine                              
20007189  drawPixel                             
2000573f  drawRect                              
2000578d  drawRoundRect                         
200058f5  drawTriangle                          
20017aac  errno                                 
2000552b  fillCircle                            
20005565  fillCircleHelper                      
20006f9f  fillRect                              
2000587b  fillRoundRect                         
20006f89  fillScreen                            
20005937  fillTriangle                          
2000a211  free                                  
2000c25d  frexp                                 
2000c25d  frexpl                                
200179f0  g_Host                                
20017a68  g_SlDeviceStatus                      
20017a90  g_SpiFd                               
20017a00  g__SlNonOsCB                          
200179dc  g_app_config                          
200179f9  g_bDeviceRestartIsRequired            
200179fa  g_cDummy                              
20017a6c  g_pCB                                 
20017a94  g_pHostIntHdl                         
20004000  g_pfnVectors                          
200179f4  g_port                                
200179e4  g_ucConnectionBSSID                   
200179b8  g_ucConnectionSSID                    
20017a98  g_ucDMAEnabled                        
20017968  g_ucDinDout                           
200179fb  g_ucLED1Pin                           
200179fc  g_ucLED2Pin                           
200179fd  g_ucLED3Pin                           
20017a78  g_uiLED1Port                          
20017a7c  g_uiLED2Port                          
20017a80  g_uiLED3Port                          
20017a8c  g_ulGatewayIP                         
20017a88  g_ulPingPacketsRecv                   
20017a84  g_ulStatus                            
20006f03  goTo                                  
20005d37  height                                
200071c7  invert                                
2000a679  ldexp                                 
2000a679  ldexpl                                
2000a4ff  main                                  
2000d6e5  malloc                                
20009a89  memalign                              
2000d3cd  memccpy                               
2000ae5d  memcpy                                
2000d0ed  memmove                               
2000bbb1  memset                                
20017a70  pPingCallBackFunc                     
2000a2f5  realloc                               
2000a679  scalbn                                
2000a679  scalbnl                               
20005ccf  setCursor                             
20005d07  setTextColor                          
20005ce7  setTextSize                           
20005d1f  setTextWrap                           
2000d6a1  setupNetwork                          
2000cc6d  simplelink_timerA2_start              
20008b75  sl_Connect                            
2000a815  sl_DevGet                             
2000ca35  sl_Htonl                              
2000cca9  sl_Htons                              
20009275  sl_NetAppDnsGetHostByName             
2000a3d9  sl_NetAppMDNSRegisterUnregisterService
2000c071  sl_NetAppMDNSUnRegisterService        
2000af95  sl_NetCfgSet                          
UNDEFED   sl_Provisioning_HttpServerEventHdl    
UNDEFED   sl_Provisioning_NetAppEventHdl        
UNDEFED   sl_Provisioning_WlanEventHdl          
2000b02d  sl_SetSockOpt                         
2000b701  sl_Socket                             
20009f55  sl_Start                              
20009c85  sl_Stop                               
2000757d  sl_WlanConnect                        
2000cd59  sl_WlanDisconnect                     
2000b441  sl_WlanPolicySet                      
2000c19d  sl_WlanProfileDel                     
2000b921  sl_WlanRxFilterSet                    
2000b0c5  sl_WlanSet                            
2000c1fd  sl_WlanSetMode                        
2000bc25  spi_Close                             
20008fe9  spi_Open                              
20009d75  spi_Read                              
2000b15d  spi_Write                             
2000d5ef  strchr                                
2000d641  strlen                                
2000ce31  testDistancePing                      
20017a4c  textbgcolor                           
20017a48  textcolor                             
20017a44  textsize                              
20004dc5  tls_connect                           
2000c731  uDMAChannelAssign                     
2000c0d5  uDMAChannelAttributeDisable           
2000c139  uDMAChannelAttributeEnable            
2000cce5  uDMAChannelControlSet                 
2000d3e9  uDMAChannelEnable                     
20009e65  uDMAChannelTransferSet                
2000cb39  vsnprintf                             
2000d655  wcslen                                
20005d33  width                                 
20017a50  wrap                                  
20007f41  writeCenteredString                   
20006d39  writeCommand                          
20006d83  writeData                             


GLOBAL SYMBOLS: SORTED BY Symbol Address 

address   name                                  
-------   ----                                  
00000800  __STACK_SIZE                          
00000800  __SYSMEM_SIZE                         
20004000  g_pfnVectors                          
20004401  SimpleLinkWlanEventHandler            
2000450f  SimpleLinkNetAppEventHandler          
200045b1  SimpleLinkHttpServerCallback          
200045d5  SimpleLinkGeneralEventHandler         
200045f5  SimpleLinkSockEventHandler            
20004dc5  tls_connect                           
20004fa5  connectToAccessPoint                  
200052d9  drawCircle                            
2000540d  drawCircleHelper                      
2000552b  fillCircle                            
20005565  fillCircleHelper                      
20005653  drawLine                              
2000573f  drawRect                              
2000578d  drawRoundRect                         
2000587b  fillRoundRect                         
200058f5  drawTriangle                          
20005937  fillTriangle                          
20005b37  drawChar                              
20005c83  Outstr                                
20005ccf  setCursor                             
20005ce7  setTextSize                           
20005d07  setTextColor                          
20005d1f  setTextWrap                           
20005d33  width                                 
20005d37  height                                
20005d59  __TI_printfi                          
20006d39  writeCommand                          
20006d83  writeData                             
20006dcd  Adafruit_Init                         
20006f03  goTo                                  
20006f47  Color565                              
20006f89  fillScreen                            
20006f9f  fillRect                              
20007051  drawFastVLine                         
200070ed  drawFastHLine                         
20007189  drawPixel                             
200071c7  invert                                
200071e3  _nop                                  
20007221  GPIO_IF_LedConfigure                  
2000725f  GPIO_IF_LedOn                         
20007313  GPIO_IF_LedOff                        
200073c7  GPIO_IF_LedStatus                     
20007431  GPIO_IF_LedToggle                     
2000745f  GPIO_IF_GetPortNPin                   
200074a5  GPIO_IF_ConfigureNIntEnable           
200074ed  GPIO_IF_Set                           
20007531  GPIO_IF_Get                           
2000757d  sl_WlanConnect                        
200077fd  InitTerm                              
2000781b  Message                               
2000783d  ClearTerm                             
20007847  Error                                 
2000787f  GetCmd                                
20007925  TrimSpace                             
200079bd  Report                                
20007f29  centerY                               
20007f41  writeCenteredString                   
20007f9d  displayLoadingScreen                  
20008001  displayDoneScreen                     
2000804f  displaySplash                         
20008141  _SlDrvReleasePoolObj                  
200084dd  __aeabi_dsub                          
200084e7  __aeabi_dadd                          
20008693  __aeabi_idiv0                         
20008693  __aeabi_ldiv0                         
20008695  _SlDrvDriverCBInit                    
200089e5  _SlDrvWaitForPoolObj                  
20008b75  sl_Connect                            
20008d01  PRCMCC3200MCUInit                     
20008fe9  spi_Open                              
20009275  sl_NetAppDnsGetHostByName             
200094f5  __aeabi_ddiv                          
2000962d  _SlDrvDriverCBDeinit                  
2000987d  PinMuxConfig                          
20009983  _SlDrvNetAppEventHandler              
20009a89  aligned_alloc                         
20009a89  memalign                              
20009b89  __aeabi_dmul                          
20009c85  sl_Stop                               
20009d75  spi_Read                              
20009e65  uDMAChannelTransferSet                
20009f55  sl_Start                              
2000a129  _SlDrvMsgReadSpawnCtx                 
2000a211  free                                  
2000a2f5  realloc                               
2000a3d9  sl_NetAppMDNSRegisterUnregisterService
2000a4bd  SPIInit                               
2000a4ff  main                                  
2000a679  ldexp                                 
2000a679  ldexpl                                
2000a679  scalbn                                
2000a679  scalbnl                               
2000a749  _sl_HandleAsync_DnsGetHostByService   
2000a815  sl_DevGet                             
2000a9a5  _SlDrvCmdOp                           
2000ab19  _SlNonOsSemGet                        
2000abc9  IntDisable                            
2000ac71  IntEnable                             
2000ad19  _SlDriverHandleError                  
2000adbd  SPIConfigSetExpClk                    
2000ae5d  __aeabi_memcpy                        
2000ae5d  __aeabi_memcpy4                       
2000ae5d  __aeabi_memcpy8                       
2000ae5d  memcpy                                
2000aef9  _SlDrvDeviceEventHandler              
2000af95  sl_NetCfgSet                          
2000b02d  sl_SetSockOpt                         
2000b0c5  sl_WlanSet                            
2000b15d  spi_Write                             
2000b1f5  __aeabi_uldivmod                      
2000b28d  PRCMPeripheralClockGet                
2000b321  _sl_HandleAsync_DnsGetHostByName      
2000b3b1  _sl_HandleAsync_PingResponse          
2000b441  sl_WlanPolicySet                      
2000b5e9  _SlDrvIsTimeoutExpired                
2000b675  _sl_HandleAsync_InitComplete          
2000b701  sl_Socket                             
2000b78d  PinConfigSet                          
2000b815  __aeabi_cdcmpeq                       
2000b815  __aeabi_cdcmple                       
2000b89b  __aeabi_cdrcmple                      
2000b921  sl_WlanRxFilterSet                    
2000b9a5  GPIOIntTypeSet                        
2000ba29  _sl_HandleAsync_Connect               
2000bba9  __aeabi_memclr                        
2000bba9  __aeabi_memclr4                       
2000bba9  __aeabi_memclr8                       
2000bbab  __aeabi_memset                        
2000bbab  __aeabi_memset4                       
2000bbab  __aeabi_memset8                       
2000bbb1  memset                                
2000bc25  spi_Close                             
2000bc9d  UARTConfigSetExpClk                   
2000bd15  _SlNonOsMainLoopTask                  
2000be69  _SlDrvCmdSend                         
2000bed5  _sl_NetAppSendTokenValue              
2000bf41  __TI_decompress_lzss                  
2000bfa9  _SlNonOsSpawn                         
2000c00d  _sl_HandleAsync_Accept                
2000c071  sl_NetAppMDNSUnRegisterService        
2000c0d5  uDMAChannelAttributeDisable           
2000c139  uDMAChannelAttributeEnable            
2000c19d  sl_WlanProfileDel                     
2000c1fd  sl_WlanSetMode                        
2000c25d  frexp                                 
2000c25d  frexpl                                
2000c2b9  IntPendClear                          
2000c311  PRCMPeripheralReset                   
2000c3c1  IntPrioritySet                        
2000c415  _SlDrvRxIrqHandler                    
2000c469  __TI_ltoa                             
2000c4bd  _sl_HandleAsync_Select                
2000c565  _sl_HandleAsync_Stop                  
2000c5b5  SPIIntEnable                          
2000c64d  _SlDrvProtectAsyncRespSetting         
2000c6e5  atoi                                  
2000c731  uDMAChannelAssign                     
2000c7c5  SPIIntClear                           
2000c80d  _SlDrvBasicCmd                        
2000c855  __aeabi_d2iz                          
2000c8e1  TimerConfigure                        
2000c925  _SlDrvHandleHttpServerEvents          
2000c969  _SlDrvSyncObjWaitTimeout              
2000c9ad  __TI_auto_init_nobinit_nopinit        
2000ca35  sl_Htonl                              
2000ca79  PinModeSet                            
2000cab9  _SlDrvHandleNetAppEvents              
2000caf9  _SlDrvHandleWlanEvents                
2000cb39  vsnprintf                             
2000cb79  NwpRegisterInterruptHandler           
2000cc31  PRCMPeripheralClkEnable               
2000cc6d  simplelink_timerA2_start              
2000cca9  sl_Htons                              
2000cce5  uDMAChannelControlSet                 
2000cd21  NwpPowerOff                           
2000cd59  sl_WlanDisconnect                     
2000cd91  GPIODirModeSet                        
2000cdc9  PRCMPeripheralStatusGet               
2000cdfd  SPIFIFOLevelSet                       
2000ce31  testDistancePing                      
2000ce61  PinTypeGPIO                           
2000ce91  UARTDisable                           
2000cef1  __aeabi_i2d                           
2000cf21  NwpPowerOn                            
2000cf4d  PRCMSysResetCauseGet                  
2000cfa5  _SlDrvProtectionObjLockWaitForever    
2000cfd1  TimerLoadSet                          
2000cffb  TimerPrescaleSet                      
2000d025  PRCMPeripheralClkDisable              
2000d04d  _SlDrvGlobalObjUnLock                 
2000d075  _SlDrvProtectionObjUnLock             
2000d09d  _SlDrvSyncObjWaitForever              
2000d0ed  memmove                               
2000d115  DmaSpiSwIntHandler                    
2000d139  IntUnregister                         
2000d15d  UARTEnable                            
2000d181  _c_int00_noargs                       
2000d1a5  SPIReset                              
2000d1c7  SPIWordCountSet                       
2000d1e9  GPIOPinWrite                          
2000d209  IntRegister                           
2000d229  NwpPrePowerOffTimout0                 
2000d249  SPIDataGet                            
2000d269  TimerGetCurrentTimestamp              
2000d289  _SlDrvSyncObjSignal                   
2000d2a9  GPIOIntRegister                       
2000d2c7  SPIDataPut                            
2000d2e5  TimerEnable                           
2000d303  UARTCharPut                           
2000d33f  TimerValueGet                         
2000d35b  UARTCharGetNonBlocking                
2000d377  _SlDrvStartMeasureTimeout             
2000d393  __TI_zero_init_nomemset               
2000d3cd  memccpy                               
2000d3e9  uDMAChannelEnable                     
2000d405  GPIOIntEnable                         
2000d41f  PinTypeSPI                            
2000d439  PinTypeUART                           
2000d453  SPIDmaDisable                         
2000d46d  SPIDmaEnable                          
2000d487  SPIFIFODisable                        
2000d4a1  SPIFIFOEnable                         
2000d4bb  SPIIntUnregister                      
2000d4d5  GPIOPinRead                           
2000d4ed  SPICSDisable                          
2000d505  SPICSEnable                           
2000d51d  SPIDisable                            
2000d535  SPIEnable                             
2000d54d  UARTCharsAvail                        
2000d565  _SlNonOsSemSet                        
2000d5ad  PRCMHIBRegRead                        
2000d5c3  PRCMHIBRegWrite                       
2000d5d9  _SlDrvMemZero                         
2000d5ef  strchr                                
2000d605  CPUcpsie                              
2000d619  GPIOIntClear                          
2000d62d  IntVTableBaseSet                      
2000d641  strlen                                
2000d655  wcslen                                
2000d667  _SlDrvDispatchHttpServerEvents        
2000d677  _SlDrvResetCmdExt                     
2000d685  __TI_decompress_none                  
2000d693  ResetISR                              
2000d6a1  setupNetwork                          
2000d6ad  NwpMaskInterrupt                      
2000d6b9  NwpUnMaskInterrupt                    
2000d6c5  copysign                              
2000d6c5  copysignl                             
2000d6d1  IntMasterEnable                       
2000d6dd  __aeabi_errno_addr                    
2000d6e5  malloc                                
2000d6ed  UtilsDelay                            
2000d6f3  _system_pre_init                      
2000d6f7  C$$EXIT                               
2000d6f7  abort                                 
2000dbf7  _ctypes_                              
2000df74  OpcodeTranslateTable                  
2000dfb0  _SlActionLookupTable                  
2000e158  _SlNetAppSendTokenValueCmdCtrl        
2000e190  __TI_static_base__                    
2000e24c  __TI_Handler_Table_Base               
2000e258  __TI_Handler_Table_Limit              
2000e260  __TI_CINIT_Base                       
2000e270  __TI_CINIT_Limit                      
20017000  __start___llvm_prf_cnts               
20017000  __stop___llvm_prf_cnts                
20017000  _sys_memory                           
20017968  g_ucDinDout                           
200179b8  g_ucConnectionSSID                    
200179dc  g_app_config                          
200179e4  g_ucConnectionBSSID                   
200179f0  g_Host                                
200179f4  g_port                                
200179f8  RxIrqCnt                              
200179f9  g_bDeviceRestartIsRequired            
200179fa  g_cDummy                              
200179fb  g_ucLED1Pin                           
200179fc  g_ucLED2Pin                           
200179fd  g_ucLED3Pin                           
20017a00  g__SlNonOsCB                          
20017a3c  cursor_x                              
20017a40  cursor_y                              
20017a44  textsize                              
20017a48  textcolor                             
20017a4c  textbgcolor                           
20017a50  wrap                                  
20017a68  g_SlDeviceStatus                      
20017a6c  g_pCB                                 
20017a70  pPingCallBackFunc                     
20017a78  g_uiLED1Port                          
20017a7c  g_uiLED2Port                          
20017a80  g_uiLED3Port                          
20017a84  g_ulStatus                            
20017a88  g_ulPingPacketsRecv                   
20017a8c  g_ulGatewayIP                         
20017a90  g_SpiFd                               
20017a94  g_pHostIntHdl                         
20017a98  g_ucDMAEnabled                        
20017a9c  _lock                                 
20017aa0  _unlock                               
20017aac  errno                                 
2002f800  __stack                               
20030000  __STACK_END                           
ffffffff  __TI_pprof_out_hndl                   
ffffffff  __TI_prof_data_size                   
ffffffff  __TI_prof_data_start                  
ffffffff  __binit__                             
ffffffff  __c_args__                            
ffffffff  binit                                 
UNDEFED   __mpu_init                            
UNDEFED   _system_post_cinit                    
UNDEFED   sl_Provisioning_HttpServerEventHdl    
UNDEFED   sl_Provisioning_NetAppEventHdl        
UNDEFED   sl_Provisioning_WlanEventHdl          

[317 symbols]
