******************************************************************************
                  TI ARM Linker PC v20.2.7                     
******************************************************************************
>> Linked Thu Mar 12 14:30:09 2026

OUTPUT FILE NAME:   <FinalProject.out>
ENTRY POINT SYMBOL: "_c_int00_noargs"  address: 2001247d


MEMORY CONFIGURATION

         name            origin    length      used     unused   attr    fill
----------------------  --------  ---------  --------  --------  ----  --------
  SRAM_CODE             20004000   00013000  0000f922  000036de  RW X
  SRAM_DATA             20017000   00019000  00001352  00017cae  RW X


SEGMENT ALLOCATION MAP

run origin  load origin   length   init length attrs members
----------  ----------- ---------- ----------- ----- -------
20004000    20004000    0000f928   0000f928    r-x
  20004000    20004000    00000400   00000400    r-- .intvecs
  20004400    20004400    0000e88e   0000e88e    r-x .text
  20012c90    20012c90    00000c1c   00000c1c    r-- .const
  200138b0    200138b0    00000078   00000078    r-- .cinit
20017000    20017000    00000b54   00000000    rw-
  20017000    20017000    00000800   00000000    rw- .sysmem
  20017800    20017800    0000025e   00000000    rw- .bss
  20017a60    20017a60    000000f4   00000000    rw- .data
2002f800    2002f800    00000800   00000000    rw-
  2002f800    2002f800    00000800   00000000    rw- .stack


SECTION ALLOCATION MAP

 output                                  attributes/
section   page    origin      length       input sections
--------  ----  ----------  ----------   ----------------
.intvecs   0    20004000    00000400     
                  20004000    00000400     startup_ccs.obj (.intvecs)

.init_array 
*          0    20004000    00000000     UNINITIALIZED

.text      0    20004400    0000e88e     
                  20004400    0000123c     OLED.obj (.text)
                  2000563c    00000efc     network_utils.obj (.text)
                  20006538    00000af8     rtsv7M4_T_le_eabi.lib : _scanfi.c.obj (.text:__TI_scanfi)
                  20007030    00000a80     Adafruit_GFX.obj (.text)
                  20007ab0    00000a4e     rtsv7M4_T_le_eabi.lib : _printfi.c.obj (.text:__TI_printfi)
                  200084fe    00000002     driverlib.a : interrupt.obj (.text:IntDefaultHandler)
                  20008500    000009e0     main.obj (.text)
                  20008ee0    0000084c     Network.obj (.text)
                  2000972c    0000060c     Exercises.obj (.text)
                  20009d38    00000590     simplelink.a : driver.obj (.text:_SlDrvMsgRead)
                  2000a2c8    000004aa     Adafruit_OLED.obj (.text)
                  2000a772    00000002     rtsv7M4_T_le_eabi.lib : _lock.c.obj (.text:_nop)
                  2000a774    00000454                           : strtod.c.obj (.text:strtod)
                  2000abc8    00000398     gpio_if.obj (.text)
                  2000af60    000002a0     i2c_if.obj (.text)
                  2000b200    00000280     simplelink.a : wlan.obj (.text:sl_WlanConnect)
                  2000b480    0000027c     uart_if.obj (.text)
                  2000b6fc    00000268     rtsv7M4_T_le_eabi.lib : _printfi.c.obj (.text:_pconv_a)
                  2000b964    00000248     simplelink.a : driver.obj (.text:_SlDrvRxHdrRead)
                  2000bbac    000001e4                  : driver.obj (.text:_SlDrvDataReadOp)
                  2000bd90    000001dc     rtsv7M4_T_le_eabi.lib : strtoll.c.obj (.text:strtoll)
                  2000bf6c    000001d8     Buzzer.obj (.text)
                  2000c144    000001d8     IR.obj (.text)
                  2000c31c    000001d0     simplelink.a : driver.obj (.text:_SlDrvReleasePoolObj)
                  2000c4ec    000001cc     DistanceSensor.obj (.text)
                  2000c6b8    000001cc     rtsv7M4_T_le_eabi.lib : _printfi.c.obj (.text:_pconv_g)
                  2000c884    000001b6                           : fd_add_t2.asm.obj (.text)
                  2000ca3a    00000002                           : div0.asm.obj (.text)
                  2000ca3c    000001b4     simplelink.a : driver.obj (.text:_SlDrvDriverCBInit)
                  2000cbf0    0000019c                  : driver.obj (.text:_SlDrvMsgWrite)
                  2000cd8c    00000190                  : driver.obj (.text:_SlDrvWaitForPoolObj)
                  2000cf1c    0000018c                  : socket.obj (.text:sl_Connect)
                  2000d0a8    00000178     driverlib.a : prcm.obj (.text:PRCMCC3200MCUInit)
                  2000d220    00000170     simplelink.a : driver.obj (.text:_SlFindAndSetActiveObj)
                  2000d390    00000168     pin_mux_config.obj (.text)
                  2000d4f8    0000015c     rtsv7M4_T_le_eabi.lib : strtoull.c.obj (.text:strtoull)
                  2000d654    00000150     simplelink.a : driver.obj (.text:_SlDrvDataWriteOp)
                  2000d7a4    00000148                  : cc_pal.obj (.text:spi_Open)
                  2000d8ec    00000144                  : driver.obj (.text:_SlDrvMsgReadCmdCtx)
                  2000da30    00000144                  : netapp.obj (.text:sl_NetAppDnsGetHostByName)
                  2000db74    0000013c     rtsv7M4_T_le_eabi.lib : _printfi.c.obj (.text:_pconv_e)
                  2000dcb0    00000136                           : fd_div_t2.asm.obj (.text)
                  2000dde6    00000002     --HOLE-- [fill = 0]
                  2000dde8    00000134     simplelink.a : socket.obj (.text:sl_Send)
                  2000df1c    00000130                  : driver.obj (.text:_SlDrvDriverCBDeinit)
                  2000e04c    00000130     rtsv7M4_T_le_eabi.lib : strtol.c.obj (.text:strtol)
                  2000e17c    00000120                           : _printfi.c.obj (.text:fcvt)
                  2000e29c    00000112     AccelLib.obj (.text)
                  2000e3ae    00000002     --HOLE-- [fill = 0]
                  2000e3b0    00000110     rtsv7M4_T_le_eabi.lib : strtoul.c.obj (.text:strtoul)
                  2000e4c0    00000104     simplelink.a : netapp.obj (.text:_SlDrvNetAppEventHandler)
                  2000e5c4    00000100     rtsv7M4_T_le_eabi.lib : memory.c.obj (.text:aligned_alloc)
                  2000e6c4    000000fc                           : fd_mul_t2.asm.obj (.text)
                  2000e7c0    000000fa                           : fs_add_t2.asm.obj (.text)
                  2000e8ba    00000002     --HOLE-- [fill = 0]
                  2000e8bc    000000f0     simplelink.a : device.obj (.text:sl_Stop)
                  2000e9ac    000000f0                  : cc_pal.obj (.text:spi_Read)
                  2000ea9c    000000f0     driverlib.a : udma.obj (.text:uDMAChannelTransferSet)
                  2000eb8c    000000ec     simplelink.a : device.obj (.text:sl_Start)
                  2000ec78    000000e8                  : driver.obj (.text:_SlAsyncEventGenericHandler)
                  2000ed60    000000e8                  : driver.obj (.text:_SlDrvMsgReadSpawnCtx)
                  2000ee48    000000e4     rtsv7M4_T_le_eabi.lib : memory.c.obj (.text:free)
                  2000ef2c    000000e4                           : memory.c.obj (.text:realloc)
                  2000f010    000000e4     simplelink.a : netapp.obj (.text:sl_NetAppMDNSRegisterUnregisterService)
                  2000f0f4    000000dc                  : driver.obj (.text:_SlDrvClassifyRxMsg)
                  2000f1d0    000000d0     rtsv7M4_T_le_eabi.lib : s_scalbn.c.obj (.text:scalbn)
                  2000f2a0    000000cc     simplelink.a : netapp.obj (.text:_sl_HandleAsync_DnsGetHostByService)
                  2000f36c    000000cc                  : device.obj (.text:sl_DevGet)
                  2000f438    000000c4                  : driver.obj (.text:_SlRemoveFromList)
                  2000f4fc    000000c0                  : driver.obj (.text:_SlDrvCmdOp)
                  2000f5bc    000000b1     rtsv7M4_T_le_eabi.lib : _printfi.c.obj (.text:_ltostr)
                  2000f66d    00000003     --HOLE-- [fill = 0]
                  2000f670    000000b0     simplelink.a : nonos.obj (.text:_SlNonOsSemGet)
                  2000f720    000000a8     driverlib.a : interrupt.obj (.text:IntDisable)
                  2000f7c8    000000a8                 : interrupt.obj (.text:IntEnable)
                  2000f870    000000a4     simplelink.a : driver.obj (.text:_SlDriverHandleError)
                  2000f914    000000a0     driverlib.a : spi.obj (.text:SPIConfigSetExpClk)
                  2000f9b4    000000a0     simplelink.a : socket.obj (.text:sl_Recv)
                  2000fa54    0000009c     rtsv7M4_T_le_eabi.lib : memcpy_t2.asm.obj (.text)
                  2000faf0    0000009a     simplelink.a : device.obj (.text:_SlDrvDeviceEventHandler)
                  2000fb8a    00000002     --HOLE-- [fill = 0]
                  2000fb8c    00000098                  : device.obj (.text:sl_DevSet)
                  2000fc24    00000098                  : netcfg.obj (.text:sl_NetCfgSet)
                  2000fcbc    00000098                  : socket.obj (.text:sl_SetSockOpt)
                  2000fd54    00000098                  : wlan.obj (.text:sl_WlanSet)
                  2000fdec    00000098                  : cc_pal.obj (.text:spi_Write)
                  2000fe84    00000096     rtsv7M4_T_le_eabi.lib : ull_div_t2.asm.obj (.text)
                  2000ff1a    00000002     --HOLE-- [fill = 0]
                  2000ff1c    00000094     driverlib.a : prcm.obj (.text:PRCMPeripheralClockGet)
                  2000ffb0    00000092     rtsv7M4_T_le_eabi.lib : fs_div_t2.asm.obj (.text)
                  20010042    00000002     --HOLE-- [fill = 0]
                  20010044    00000090     simplelink.a : netapp.obj (.text:_sl_HandleAsync_DnsGetHostByName)
                  200100d4    00000090                  : netapp.obj (.text:_sl_HandleAsync_PingResponse)
                  20010164    00000090                  : wlan.obj (.text:sl_WlanPolicySet)
                  200101f4    0000008c     Accel.obj (.text)
                  20010280    0000008c     simplelink.a : cc_pal.obj (.text:SetupDMAReceive)
                  2001030c    0000008c                  : cc_pal.obj (.text:SetupDMASend)
                  20010398    0000008c                  : driver.obj (.text:_SlDrvIsTimeoutExpired)
                  20010424    0000008c                  : device.obj (.text:_sl_HandleAsync_InitComplete)
                  200104b0    0000008c                  : socket.obj (.text:sl_Socket)
                  2001053c    00000088     driverlib.a : pin.obj (.text:PinConfigSet)
                  200105c4    00000086     rtsv7M4_T_le_eabi.lib : fd_cmp_t2.asm.obj (.text:__aeabi_cdcmple)
                  2001064a    00000086                           : fd_cmp_t2.asm.obj (.text:__aeabi_cdrcmple)
                  200106d0    00000084     driverlib.a : i2c.obj (.text:I2CMasterInitExpClk)
                  20010754    00000084     simplelink.a : wlan.obj (.text:sl_WlanRxFilterSet)
                  200107d8    00000082     driverlib.a : gpio.obj (.text:GPIOIntTypeSet)
                  2001085a    00000002     --HOLE-- [fill = 0]
                  2001085c    00000080     simplelink.a : socket.obj (.text:_sl_HandleAsync_Connect)
                  200108dc    00000080                  : cc_pal.obj (.text:spi_Read_CPU)
                  2001095c    00000080                  : cc_pal.obj (.text:spi_Write_CPU)
                  200109dc    0000007a     rtsv7M4_T_le_eabi.lib : fs_mul_t2.asm.obj (.text)
                  20010a56    0000007a                           : memset_t2.asm.obj (.text)
                  20010ad0    00000078     simplelink.a : cc_pal.obj (.text:spi_Close)
                  20010b48    00000076     driverlib.a : uart.obj (.text:UARTConfigSetExpClk)
                  20010bbe    00000002     --HOLE-- [fill = 0]
                  20010bc0    00000074     simplelink.a : nonos.obj (.text:_SlNonOsMainLoopTask)
                  20010c34    00000070     rtsv7M4_T_le_eabi.lib : memory.c.obj (.text:split)
                  20010ca4    0000006e                           : _printfi.c.obj (.text:_mcpy)
                  20010d12    0000006e                           : fd_tos_t2.asm.obj (.text)
                  20010d80    0000006c     SysTickHandlers.obj (.text)
                  20010dec    0000006c     simplelink.a : driver.obj (.text:_SlDrvCmdSend)
                  20010e58    0000006c                  : netapp.obj (.text:_sl_NetAppSendTokenValue)
                  20010ec4    00000068     rtsv7M4_T_le_eabi.lib : sscanf.c.obj (.text:_chkmbc)
                  20010f2c    00000068                           : copy_decompress_lzss.c.obj (.text:decompress:lzss:__TI_decompress_lzss)
                  20010f94    00000064     simplelink.a : nonos.obj (.text:_SlNonOsSpawn)
                  20010ff8    00000064                  : socket.obj (.text:_sl_HandleAsync_Accept)
                  2001105c    00000064                  : netapp.obj (.text:sl_NetAppMDNSUnRegisterService)
                  200110c0    00000064     driverlib.a : udma.obj (.text:uDMAChannelAttributeDisable)
                  20011124    00000064                 : udma.obj (.text:uDMAChannelAttributeEnable)
                  20011188    00000060     simplelink.a : socket.obj (.text:sl_Close)
                  200111e8    00000060                  : wlan.obj (.text:sl_WlanProfileDel)
                  20011248    00000060                  : wlan.obj (.text:sl_WlanSetMode)
                  200112a8    0000005c     rtsv7M4_T_le_eabi.lib : s_frexp.c.obj (.text:frexp)
                  20011304    00000058     driverlib.a : interrupt.obj (.text:IntPendClear)
                  2001135c    00000058                 : prcm.obj (.text:PRCMPeripheralReset)
                  200113b4    00000056     rtsv7M4_T_le_eabi.lib : _printfi.c.obj (.text:_pconv_f)
                  2001140a    00000002     --HOLE-- [fill = 0]
                  2001140c    00000054     driverlib.a : interrupt.obj (.text:IntPrioritySet)
                  20011460    00000054     simplelink.a : driver.obj (.text:_SlDrvRxIrqHandler)
                  200114b4    00000054     rtsv7M4_T_le_eabi.lib : _ltoa.c.obj (.text:__TI_ltoa)
                  20011508    00000054     simplelink.a : socket.obj (.text:_sl_HandleAsync_Select)
                  2001155c    00000052     rtsv7M4_T_le_eabi.lib : _printfi.c.obj (.text:_ecpy)
                  200115ae    00000002     --HOLE-- [fill = 0]
                  200115b0    00000050     simplelink.a : device.obj (.text:_sl_HandleAsync_Stop)
                  20011600    0000004c     driverlib.a : spi.obj (.text:SPIIntEnable)
                  2001164c    0000004c                 : spi.obj (.text:SPIIntNumberGet)
                  20011698    0000004c     simplelink.a : driver.obj (.text:_SlDrvProtectAsyncRespSetting)
                  200116e4    0000004c                  : socket.obj (.text:_sl_BuildAddress)
                  20011730    0000004c     rtsv7M4_T_le_eabi.lib : atoi.c.obj (.text:atoi)
                  2001177c    0000004c     driverlib.a : udma.obj (.text:uDMAChannelAssign)
                  200117c8    00000048                 : gpio.obj (.text:GPIOGetIntNumber)
                  20011810    00000048                 : spi.obj (.text:SPIIntClear)
                  20011858    00000048     simplelink.a : driver.obj (.text:_SlDrvBasicCmd)
                  200118a0    00000048     rtsv7M4_T_le_eabi.lib : fd_toi_t2.asm.obj (.text)
                  200118e8    00000044     driverlib.a : spi.obj (.text:SPIDmaMaskGet)
                  2001192c    00000044                 : timer.obj (.text:TimerConfigure)
                  20011970    00000044     simplelink.a : driver.obj (.text:_SlDrvHandleHttpServerEvents)
                  200119b4    00000044                  : driver.obj (.text:_SlDrvSyncObjWaitTimeout)
                  200119f8    00000044     rtsv7M4_T_le_eabi.lib : autoinit.c.obj (.text:__TI_auto_init_nobinit_nopinit:__TI_auto_init_nobinit_nopinit)
                  20011a3c    00000044     simplelink.a : cc_pal.obj (.text:cc_SetupTransfer)
                  20011a80    00000042                  : socket.obj (.text:sl_Htonl)
                  20011ac2    00000002     --HOLE-- [fill = 0]
                  20011ac4    00000040     driverlib.a : pin.obj (.text:PinModeSet)
                  20011b04    00000040     simplelink.a : driver.obj (.text:_SlDrvHandleNetAppEvents)
                  20011b44    00000040                  : driver.obj (.text:_SlDrvHandleWlanEvents)
                  20011b84    00000040                  : socket.obj (.text:_sl_TruncatePayloadByProtocol)
                  20011bc4    00000040     rtsv7M4_T_le_eabi.lib : sprintf.c.obj (.text:sprintf)
                  20011c04    00000040                           : strtok.c.obj (.text:strtok)
                  20011c44    00000040                           : vsnprintf.c.obj (.text:vsnprintf)
                  20011c84    0000003e     simplelink.a : cc_pal.obj (.text:NwpRegisterInterruptHandler)
                  20011cc2    0000003e     rtsv7M4_T_le_eabi.lib : _printfi.c.obj (.text:_fcpy)
                  20011d00    0000003c     simplelink.a : netapp.obj (.text:CopyPingResultsToReport)
                  20011d3c    0000003c     driverlib.a : prcm.obj (.text:PRCMPeripheralClkEnable)
                  20011d78    0000003c     simplelink.a : cc_pal.obj (.text:simplelink_timerA2_start)
                  20011db4    0000003c                  : socket.obj (.text:sl_Htons)
                  20011df0    0000003c     driverlib.a : udma.obj (.text:uDMAChannelControlSet)
                  20011e2c    00000038     simplelink.a : cc_pal.obj (.text:NwpPowerOff)
                  20011e64    00000038     rtsv7M4_T_le_eabi.lib : fs_tod_t2.asm.obj (.text)
                  20011e9c    00000038                           : fs_toi_t2.asm.obj (.text)
                  20011ed4    00000038                           : i_tofs_t2.asm.obj (.text)
                  20011f0c    00000038     simplelink.a : wlan.obj (.text:sl_WlanDisconnect)
                  20011f44    00000038     rtsv7M4_T_le_eabi.lib : sscanf.c.obj (.text:sscanf)
                  20011f7c    00000036     driverlib.a : gpio.obj (.text:GPIODirModeSet)
                  20011fb2    00000002     --HOLE-- [fill = 0]
                  20011fb4    00000034                 : prcm.obj (.text:PRCMPeripheralStatusGet)
                  20011fe8    00000034                 : spi.obj (.text:SPIFIFOLevelSet)
                  2001201c    00000034     rtsv7M4_T_le_eabi.lib : fs_tou_t2.asm.obj (.text)
                  20012050    00000034                           : strstr.c.obj (.text:strstr)
                  20012084    00000030     driverlib.a : pin.obj (.text:PinTypeGPIO)
                  200120b4    00000030     State.obj (.text)
                  200120e4    00000030     driverlib.a : uart.obj (.text:UARTDisable)
                  20012114    00000030     rtsv7M4_T_le_eabi.lib : vsnprintf.c.obj (.text:_outs)
                  20012144    0000002e                           : i_tofd_t2.asm.obj (.text)
                  20012172    0000002c     driverlib.a : i2c.obj (.text:I2CMasterErr)
                  2001219e    00000002     --HOLE-- [fill = 0]
                  200121a0    0000002c     simplelink.a : cc_pal.obj (.text:NwpPowerOn)
                  200121cc    0000002c     driverlib.a : prcm.obj (.text:PRCMSysResetCauseGet)
                  200121f8    0000002c     simplelink.a : driver.obj (.text:_SlDrvObjGlobalLockWaitForever)
                  20012224    0000002c                  : driver.obj (.text:_SlDrvProtectionObjLockWaitForever)
                  20012250    0000002a     driverlib.a : timer.obj (.text:TimerLoadSet)
                  2001227a    0000002a                 : timer.obj (.text:TimerPrescaleSet)
                  200122a4    0000002a     rtsv7M4_T_le_eabi.lib : strspn.c.obj (.text:strspn)
                  200122ce    00000002     --HOLE-- [fill = 0]
                  200122d0    00000028     Helpers.obj (.text)
                  200122f8    00000028     driverlib.a : prcm.obj (.text:PRCMPeripheralClkDisable)
                  20012320    00000028     simplelink.a : driver.obj (.text:_SlDrvGlobalObjUnLock)
                  20012348    00000028                  : driver.obj (.text:_SlDrvProtectionObjUnLock)
                  20012370    00000028                  : driver.obj (.text:_SlDrvSyncObjWaitForever)
                  20012398    00000028     rtsv7M4_T_le_eabi.lib : memory.c.obj (.text:free_list_insert)
                  200123c0    00000028                           : memmov.c.obj (.text:memmove)
                  200123e8    00000026     simplelink.a : driver.obj (.text:_SlDrvObjLockWaitForever)
                  2001240e    00000002     --HOLE-- [fill = 0]
                  20012410    00000024                  : cc_pal.obj (.text:DmaSpiSwIntHandler)
                  20012434    00000024     driverlib.a : interrupt.obj (.text:IntUnregister)
                  20012458    00000024                 : uart.obj (.text:UARTEnable)
                  2001247c    00000024     rtsv7M4_T_le_eabi.lib : boot_cortex_m.c.obj (.text:_c_int00_noargs:_c_int00_noargs)
                  200124a0    00000024                           : u_tofs_t2.asm.obj (.text)
                  200124c4    00000024                           : strcspn.c.obj (.text:strcspn)
                  200124e8    00000022     driverlib.a : gpio.obj (.text:GPIOIntStatus)
                  2001250a    00000022                 : i2c.obj (.text:I2CMasterSlaveAddrSet)
                  2001252c    00000022                 : spi.obj (.text:SPIReset)
                  2001254e    00000022                 : spi.obj (.text:SPIWordCountSet)
                  20012570    00000020                 : gpio.obj (.text:GPIOPinWrite)
                  20012590    00000020                 : interrupt.obj (.text:IntRegister)
                  200125b0    00000020     simplelink.a : cc_pal.obj (.text:NwpPrePowerOffTimout0)
                  200125d0    00000020     driverlib.a : spi.obj (.text:SPIDataGet)
                  200125f0    00000020     simplelink.a : cc_pal.obj (.text:TimerGetCurrentTimestamp)
                  20012610    00000020                  : driver.obj (.text:_SlDrvObjUnLock)
                  20012630    00000020                  : driver.obj (.text:_SlDrvSyncObjSignal)
                  20012650    0000001e     driverlib.a : gpio.obj (.text:GPIOIntRegister)
                  2001266e    0000001e                 : i2c.obj (.text:I2CMasterIntStatusEx)
                  2001268c    0000001e                 : spi.obj (.text:SPIDataPut)
                  200126aa    0000001e                 : timer.obj (.text:TimerDisable)
                  200126c8    0000001e                 : timer.obj (.text:TimerEnable)
                  200126e6    0000001e                 : uart.obj (.text:UARTCharPut)
                  20012704    0000001e     simplelink.a : cc_pal.obj (.text:cc_UDMAChannelSelect)
                  20012722    0000001c     driverlib.a : pin.obj (.text:PinTypeI2C)
                  2001273e    00000002     --HOLE-- [fill = 0]
                  20012740    0000001c                 : systick.obj (.text:SysTickIntRegister)
                  2001275c    0000001c                 : timer.obj (.text:TimerValueGet)
                  20012778    0000001c                 : uart.obj (.text:UARTCharGetNonBlocking)
                  20012794    0000001c     simplelink.a : driver.obj (.text:_SlDrvStartMeasureTimeout)
                  200127b0    0000001c     rtsv7M4_T_le_eabi.lib : copy_zero_init.c.obj (.text:decompress:ZI:__TI_zero_init_nomemset:__TI_zero_init_nomemset)
                  200127cc    0000001c                           : memory.c.obj (.text:free_list_remove)
                  200127e8    0000001c                           : memccpy.c.obj (.text:memccpy)
                  20012804    0000001c     driverlib.a : udma.obj (.text:uDMAChannelEnable)
                  20012820    0000001a                 : gpio.obj (.text:GPIOIntEnable)
                  2001283a    0000001a                 : pin.obj (.text:PinTypeSPI)
                  20012854    0000001a                 : pin.obj (.text:PinTypeUART)
                  2001286e    0000001a                 : spi.obj (.text:SPIDmaDisable)
                  20012888    0000001a                 : spi.obj (.text:SPIDmaEnable)
                  200128a2    0000001a                 : spi.obj (.text:SPIFIFODisable)
                  200128bc    0000001a                 : spi.obj (.text:SPIFIFOEnable)
                  200128d6    0000001a                 : spi.obj (.text:SPIIntUnregister)
                  200128f0    00000018                 : gpio.obj (.text:GPIOPinRead)
                  20012908    00000018                 : i2c.obj (.text:I2CMasterIntEnableEx)
                  20012920    00000018                 : spi.obj (.text:SPICSDisable)
                  20012938    00000018                 : spi.obj (.text:SPICSEnable)
                  20012950    00000018                 : spi.obj (.text:SPIDisable)
                  20012968    00000018                 : spi.obj (.text:SPIEnable)
                  20012980    00000018                 : systick.obj (.text:SysTickPeriodSet)
                  20012998    00000018                 : uart.obj (.text:UARTCharsAvail)
                  200129b0    00000018     simplelink.a : nonos.obj (.text:_SlNonOsSemSet)
                  200129c8    00000018     rtsv7M4_T_le_eabi.lib : vsnprintf.c.obj (.text:_outc)
                  200129e0    00000018                           : sprintf.c.obj (.text:_outs)
                  200129f8    00000018     simplelink.a : device.obj (.text:_sl_GetStartResponseConvert)
                  20012a10    00000018     rtsv7M4_T_le_eabi.lib : ll_mul_t2.asm.obj (.text)
                  20012a28    00000018                           : strcmp.c.obj (.text:strcmp)
                  20012a40    00000018                           : strrchr.c.obj (.text:strrchr)
                  20012a58    00000016     driverlib.a : i2c.obj (.text:I2CMasterDataPut)
                  20012a6e    00000016                 : i2c.obj (.text:I2CMasterEnable)
                  20012a84    00000016                 : i2c.obj (.text:I2CMasterIntClear)
                  20012a9a    00000016                 : prcm.obj (.text:PRCMHIBRegRead)
                  20012ab0    00000016                 : prcm.obj (.text:PRCMHIBRegWrite)
                  20012ac6    00000016     simplelink.a : driver.obj (.text:_SlDrvMemZero)
                  20012adc    00000016     rtsv7M4_T_le_eabi.lib : strchr.c.obj (.text:strchr)
                  20012af2    00000014     driverlib.a : cpu.obj (.text:CPUcpsie)
                  20012b06    00000014                 : gpio.obj (.text:GPIOIntClear)
                  20012b1a    00000002     --HOLE-- [fill = 0]
                  20012b1c    00000014                 : interrupt.obj (.text:IntVTableBaseSet)
                  20012b30    00000014     rtsv7M4_T_le_eabi.lib : strcpy.c.obj (.text:strcpy)
                  20012b44    00000014                           : strlen.c.obj (.text:strlen)
                  20012b58    00000012     driverlib.a : i2c.obj (.text:I2CMasterControl)
                  20012b6a    00000012                 : i2c.obj (.text:I2CMasterTimeoutSet)
                  20012b7c    00000012     rtsv7M4_T_le_eabi.lib : sscanf.c.obj (.text:_inpchar)
                  20012b8e    00000012                           : wcslen.c.obj (.text:wcslen)
                  20012ba0    00000010     driverlib.a : systick.obj (.text:SysTickDisable)
                  20012bb0    00000010                 : systick.obj (.text:SysTickEnable)
                  20012bc0    00000010                 : systick.obj (.text:SysTickIntEnable)
                  20012bd0    00000010     simplelink.a : driver.obj (.text:_SlDrvDispatchHttpServerEvents)
                  20012be0    0000000e     driverlib.a : i2c.obj (.text:I2CMasterDataGet)
                  20012bee    0000000e     simplelink.a : driver.obj (.text:_SlDrvResetCmdExt)
                  20012bfc    0000000e     rtsv7M4_T_le_eabi.lib : copy_decompress_none.c.obj (.text:decompress:none:__TI_decompress_none)
                  20012c0a    0000000e     startup_ccs.obj (.text)
                  20012c18    0000000c     simplelink.a : cc_pal.obj (.text:NwpMaskInterrupt)
                  20012c24    0000000c                  : cc_pal.obj (.text:NwpUnMaskInterrupt)
                  20012c30    0000000c     driverlib.a : systick.obj (.text:SysTickValueGet)
                  20012c3c    0000000c     rtsv7M4_T_le_eabi.lib : s_copysign.c.obj (.text:copysign)
                  20012c48    0000000a     I2C.obj (.text)
                  20012c52    0000000a     driverlib.a : interrupt.obj (.text:IntMasterEnable)
                  20012c5c    0000000a     rtsv7M4_T_le_eabi.lib : sprintf.c.obj (.text:_outc)
                  20012c66    00000002     --HOLE-- [fill = 0]
                  20012c68    00000008                           : errno.c.obj (.text:__aeabi_errno_addr)
                  20012c70    00000008                           : sscanf.c.obj (.text:_uninpchar)
                  20012c78    00000008                           : memory.c.obj (.text:malloc)
                  20012c80    00000006     driverlib.a : utils.obj (.text:UtilsDelay)
                  20012c86    00000004     rtsv7M4_T_le_eabi.lib : pre_init.c.obj (.text:_system_pre_init)
                  20012c8a    00000004                           : exit.c.obj (.text:abort:abort)

.const     0    20012c90    00000c1c     
                  20012c90    000004fb     Adafruit_GFX.obj (.const:.string:font)
                  2001318b    00000101     rtsv7M4_T_le_eabi.lib : ctype.c.obj (.const:.string:_ctypes_)
                  2001328c    00000100     driverlib.a : pin.obj (.const:g_ulPinToPadMap)
                  2001338c    000000d4                 : interrupt.obj (.const:g_pulRegs)
                  20013460    000000c8     rtsv7M4_T_le_eabi.lib : strtod.c.obj (.const:$O1$$)
                  20013528    000000a8     driverlib.a : prcm.obj (.const:PRCM_PeriphRegsList)
                  200135d0    00000040     Accel.obj (.const:.string:$P$T0$1)
                  20013610    00000040     Accel.obj (.const:.string:$P$T1$2)
                  20013650    0000003c     simplelink.a : driver.obj (.const:OpcodeTranslateTable)
                  2001368c    00000038                  : driver.obj (.const:_SlActionLookupTable)
                  200136c4    0000002c     network_utils.obj (.const:$P$T1$2)
                  200136f0    00000024     driverlib.a : spi.obj (.const:g_ppulSPIIntMap)
                  20013714    00000022     network_utils.obj (.const:.string:$P$T0$1)
                  20013736    00000002     --HOLE-- [fill = 0]
                  20013738    00000020     simplelink.a : driver.obj (.const:RxMsgClassLUT)
                  20013758    00000018     driverlib.a : interrupt.obj (.const:g_pulDisRegs)
                  20013770    00000018                 : interrupt.obj (.const:g_pulEnRegs)
                  20013788    00000018                 : interrupt.obj (.const:g_pulUnpendRegs)
                  200137a0    00000018                 : spi.obj (.const:g_ulSPIDmaMaskMap)
                  200137b8    00000014     simplelink.a : driver.obj (.const:$P$T0$1)
                  200137cc    00000014                  : nonos.obj (.const:$P$T0$1)
                  200137e0    00000014     network_utils.obj (.const:$P$T2$3)
                  200137f4    00000010     rtsv7M4_T_le_eabi.lib : _scanfi.c.obj (.const:$O1$$)
                  20013804    00000010     simplelink.a : socket.obj (.const:.string:_SlPayloadByProtocolLUT)
                  20013814    0000000c     network_utils.obj (.const:$P$T4$5)
                  20013820    0000000c     network_utils.obj (.const:.string:$P$T3$4)
                  2001382c    00000009     Network.obj (.const:.string:$P$T0$1)
                  20013835    00000009     Network.obj (.const:.string:$P$T1$2)
                  2001383e    00000008     simplelink.a : device.obj (.const:StartResponseLUT)
                  20013846    00000002     --HOLE-- [fill = 0]
                  20013848    00000008                  : driver.obj (.const:g_H2NCnysPattern)
                  20013850    00000008                  : driver.obj (.const:g_H2NSyncPattern)
                  20013858    00000004                  : wlan.obj (.const:$P$T0$1)
                  2001385c    00000004                  : socket.obj (.const:$P$T2$3)
                  20013860    00000004                  : device.obj (.const:_SlDeviceGetCmdCtrl)
                  20013864    00000004                  : device.obj (.const:_SlDeviceSetCmdCtrl)
                  20013868    00000004                  : netapp.obj (.const:_SlGetHostByNameCtrl)
                  2001386c    00000004                  : netapp.obj (.const:_SlNetAppSendTokenValueCmdCtrl)
                  20013870    00000004                  : netcfg.obj (.const:_SlNetCfgSetCmdCtrl)
                  20013874    00000004                  : wlan.obj (.const:_SlPolicySetCmdCtrl)
                  20013878    00000004                  : wlan.obj (.const:_SlProfileDelCmdCtrl)
                  2001387c    00000004                  : socket.obj (.const:_SlRecvCmdCtrl)
                  20013880    00000004                  : netapp.obj (.const:_SlRegisterServiceCtrl)
                  20013884    00000004                  : wlan.obj (.const:_SlRxFilterSetCmdCtrl)
                  20013888    00000004                  : socket.obj (.const:_SlSendCmdCtrl)
                  2001388c    00000004                  : socket.obj (.const:_SlSetSockOptCmdCtrl)
                  20013890    00000004                  : socket.obj (.const:_SlSockCloseCmdCtrl)
                  20013894    00000004                  : socket.obj (.const:_SlSockSocketCmdCtrl)
                  20013898    00000004                  : device.obj (.const:_SlStopCmdCtrl)
                  2001389c    00000004                  : wlan.obj (.const:_SlWlanCfgSetCmdCtrl)
                  200138a0    00000004                  : wlan.obj (.const:_SlWlanSetModeCmdCtrl)
                  200138a4    00000004                  : driver.obj (.const:httpServer_callbacks)
                  200138a8    00000004                  : driver.obj (.const:netApp_callbacks)

.cinit     0    200138b0    00000078     
                  200138b0    00000050     (.cinit..data.load) [load image, compression = lzss]
                  20013900    0000000c     (__TI_handler_table)
                  2001390c    00000004     --HOLE-- [fill = 0]
                  20013910    00000008     (.cinit..bss.load) [load image, compression = zero_init]
                  20013918    00000010     (__TI_cinit_table)

.sysmem    0    20017000    00000800     UNINITIALIZED
                  20017000    00000010     rtsv7M4_T_le_eabi.lib : memory.c.obj (.sysmem)
                  20017010    000007f0     --HOLE--

.bss       0    20017800    0000025e     UNINITIALIZED
                  20017800    00000168     simplelink.a : driver.obj (.bss:g_StatMem)
                  20017968    00000050     (.common:g_ucDinDout)
                  200179b8    00000030     (.common:bits)
                  200179e8    0000002c     (.common:g_time)
                  20017a14    00000024     (.common:g_ucConnectionSSID)
                  20017a38    00000008     (.common:g_app_config)
                  20017a40    00000008     (.common:g_ucConnectionBSSID)
                  20017a48    00000004     SysTickHandlers.obj (.bss)
                  20017a4c    00000004     uart_if.obj (.bss)
                  20017a50    00000004     (.common:g_Host)
                  20017a54    00000004     (.common:g_port)
                  20017a58    00000001     (.common:RxIrqCnt)
                  20017a59    00000001     (.common:g_bDeviceRestartIsRequired)
                  20017a5a    00000001     (.common:g_cDummy)
                  20017a5b    00000001     (.common:g_ucLED1Pin)
                  20017a5c    00000001     (.common:g_ucLED2Pin)
                  20017a5d    00000001     (.common:g_ucLED3Pin)

.data      0    20017a60    000000f4     UNINITIALIZED
                  20017a60    0000003c     simplelink.a : nonos.obj (.data:g__SlNonOsCB)
                  20017a9c    00000015     Adafruit_GFX.obj (.data)
                  20017ab1    00000003     --HOLE--
                  20017ab4    00000014     IR.obj (.data)
                  20017ac8    00000014     gpio_if.obj (.data:ulReg)
                  20017adc    00000010     Exercises.obj (.data)
                  20017aec    0000000d     simplelink.a : driver.obj (.data)
                  20017af9    00000003     --HOLE--
                  20017afc    0000000c     gpio_if.obj (.data)
                  20017b08    0000000c     network_utils.obj (.data)
                  20017b14    00000009     simplelink.a : cc_pal.obj (.data)
                  20017b1d    00000003     --HOLE--
                  20017b20    00000008     rtsv7M4_T_le_eabi.lib : _lock.c.obj (.data:$O1$$)
                  20017b28    00000008                           : memory.c.obj (.data:$O1$$)
                  20017b30    00000008     OLED.obj (.data)
                  20017b38    00000008     SysTickHandlers.obj (.data)
                  20017b40    00000004     Network.obj (.data)
                  20017b44    00000004     State.obj (.data)
                  20017b48    00000004     rtsv7M4_T_le_eabi.lib : errno.c.obj (.data)
                  20017b4c    00000004                           : strtok.c.obj (.data)
                  20017b50    00000004     simplelink.a : driver.obj (.data:wlan_callbacks)

.stack     0    2002f800    00000800     UNINITIALIZED
                  2002f800    00000004     rtsv7M4_T_le_eabi.lib : boot_cortex_m.c.obj (.stack)
                  2002f804    000007fc     --HOLE--

__llvm_prf_cnts 
*          0    20017000    00000000     UNINITIALIZED

MODULE SUMMARY

       Module                       code    ro data   rw data
       ------                       ----    -------   -------
    .\
       main.obj                     2528    0         0      
       startup_ccs.obj              14      1024      0      
       pin_mux_config.obj           360     0         0      
    +--+----------------------------+-------+---------+---------+
       Total:                       2902    1024      0      
                                                             
    .\Accelerometer\
       AccelLib.obj                 274     0         0      
       Accel.obj                    140     128       0      
    +--+----------------------------+-------+---------+---------+
       Total:                       414     128       0      
                                                             
    .\Buzzer\
       Buzzer.obj                   472     0         0      
    +--+----------------------------+-------+---------+---------+
       Total:                       472     0         0      
                                                             
    .\DistanceSensor\
       DistanceSensor.obj           460     0         0      
    +--+----------------------------+-------+---------+---------+
       Total:                       460     0         0      
                                                             
    .\Exercises\
       Exercises.obj                1548    0         16     
    +--+----------------------------+-------+---------+---------+
       Total:                       1548    0         16     
                                                             
    .\GPIO\
       gpio_if.obj                  920     0         35     
    +--+----------------------------+-------+---------+---------+
       Total:                       920     0         35     
                                                             
    .\Helpers\
       Helpers.obj                  40      0         0      
    +--+----------------------------+-------+---------+---------+
       Total:                       40      0         0      
                                                             
    .\I2C\
       i2c_if.obj                   672     0         0      
       I2C.obj                      10      0         0      
    +--+----------------------------+-------+---------+---------+
       Total:                       682     0         0      
                                                             
    .\IR\
       IR.obj                       472     0         68     
    +--+----------------------------+-------+---------+---------+
       Total:                       472     0         68     
                                                             
    .\Network\
       network_utils.obj            3836    122       116    
       Network.obj                  2124    18        4      
    +--+----------------------------+-------+---------+---------+
       Total:                       5960    140       120    
                                                             
    .\OLED\
       OLED.obj                     4668    0         8      
       Adafruit_GFX.obj             2688    1275      21     
       Adafruit_OLED.obj            1194    0         0      
    +--+----------------------------+-------+---------+---------+
       Total:                       8550    1275      29     
                                                             
    .\State\
       State.obj                    48      0         4      
    +--+----------------------------+-------+---------+---------+
       Total:                       48      0         4      
                                                             
    .\SysTick\
       SysTickHandlers.obj          108     0         12     
    +--+----------------------------+-------+---------+---------+
       Total:                       108     0         12     
                                                             
    .\UART\
       uart_if.obj                  636     0         4      
    +--+----------------------------+-------+---------+---------+
       Total:                       636     0         4      
                                                             
    C:/ti/CC3200SDK_1.5.0/cc3200-sdk/driverlib/ccs/Release/driverlib.a
       prcm.obj                     852     168       0      
       spi.obj                      860     60        0      
       interrupt.obj                608     284       0      
       udma.obj                     604     0         0      
       pin.obj                      328     256       0      
       gpio.obj                     422     0         0      
       i2c.obj                      380     0         0      
       uart.obj                     284     0         0      
       timer.obj                    240     0         0      
       systick.obj                  112     0         0      
       cpu.obj                      20      0         0      
       utils.obj                    6       0         0      
    +--+----------------------------+-------+---------+---------+
       Total:                       4716    768       0      
                                                             
    C:/ti/CC3200SDK_1.5.0/cc3200-sdk/simplelink/ccs/NON_OS/simplelink.a
       driver.obj                   7906    192       379    
       cc_pal.obj                   1820    0         90     
       socket.obj                   1830    40        0      
       netapp.obj                   1572    12        0      
       wlan.obj                     1316    24        0      
       device.obj                   1230    20        0      
       nonos.obj                    416     20        60     
       netcfg.obj                   152     4         0      
    +--+----------------------------+-------+---------+---------+
       Total:                       16242   312       529    
                                                             
    C:\ti\ccs1250\ccs\tools\compiler\ti-cgt-arm_20.2.7.LTS\lib\rtsv7M4_T_le_eabi.lib
       _printfi.c.obj               4835    0         0      
       _scanfi.c.obj                2808    16        0      
       strtod.c.obj                 1108    200       0      
       memory.c.obj                 900     0         8      
       strtoll.c.obj                476     0         0      
       fd_add_t2.asm.obj            438     0         0      
       strtoull.c.obj               348     0         0      
       fd_div_t2.asm.obj            310     0         0      
       strtol.c.obj                 304     0         0      
       strtoul.c.obj                272     0         0      
       fd_cmp_t2.asm.obj            268     0         0      
       ctype.c.obj                  0       257       0      
       fd_mul_t2.asm.obj            252     0         0      
       fs_add_t2.asm.obj            250     0         0      
       s_scalbn.c.obj               208     0         0      
       sscanf.c.obj                 186     0         0      
       memcpy_t2.asm.obj            156     0         0      
       ull_div_t2.asm.obj           150     0         0      
       fs_div_t2.asm.obj            146     0         0      
       vsnprintf.c.obj              136     0         0      
       fs_mul_t2.asm.obj            122     0         0      
       memset_t2.asm.obj            122     0         0      
       fd_tos_t2.asm.obj            110     0         0      
       copy_decompress_lzss.c.obj   104     0         0      
       sprintf.c.obj                98      0         0      
       s_frexp.c.obj                92      0         0      
       _ltoa.c.obj                  84      0         0      
       atoi.c.obj                   76      0         0      
       fd_toi_t2.asm.obj            72      0         0      
       autoinit.c.obj               68      0         0      
       strtok.c.obj                 64      0         4      
       fs_tod_t2.asm.obj            56      0         0      
       fs_toi_t2.asm.obj            56      0         0      
       i_tofs_t2.asm.obj            56      0         0      
       fs_tou_t2.asm.obj            52      0         0      
       strstr.c.obj                 52      0         0      
       i_tofd_t2.asm.obj            46      0         0      
       strspn.c.obj                 42      0         0      
       memmov.c.obj                 40      0         0      
       boot_cortex_m.c.obj          36      0         0      
       strcspn.c.obj                36      0         0      
       u_tofs_t2.asm.obj            36      0         0      
       copy_zero_init.c.obj         28      0         0      
       memccpy.c.obj                28      0         0      
       ll_mul_t2.asm.obj            24      0         0      
       strcmp.c.obj                 24      0         0      
       strrchr.c.obj                24      0         0      
       strchr.c.obj                 22      0         0      
       strcpy.c.obj                 20      0         0      
       strlen.c.obj                 20      0         0      
       wcslen.c.obj                 18      0         0      
       copy_decompress_none.c.obj   14      0         0      
       errno.c.obj                  8       0         4      
       s_copysign.c.obj             12      0         0      
       _lock.c.obj                  2       0         8      
       exit.c.obj                   4       0         0      
       pre_init.c.obj               4       0         0      
       div0.asm.obj                 2       0         0      
    +--+----------------------------+-------+---------+---------+
       Total:                       15325   473       24     
                                                             
       Heap:                        0       0         2048   
       Stack:                       0       0         2048   
       Linker Generated:            0       116       0      
    +--+----------------------------+-------+---------+---------+
       Grand Total:                 59495   4236      4937   


LINKER GENERATED COPY TABLES

__TI_cinit_table @ 20013918 records: 2, size/record: 8, table size: 16
	.data: load addr=200138b0, load size=00000050 bytes, run addr=20017a60, run size=000000f4 bytes, compression=lzss
	.bss: load addr=20013910, load size=00000008 bytes, run addr=20017800, run size=0000025e bytes, compression=zero_init


LINKER GENERATED HANDLER TABLE

__TI_handler_table @ 20013900 records: 3, size/record: 4, table size: 12
	index: 0, handler: __TI_decompress_lzss
	index: 1, handler: __TI_decompress_none
	index: 2, handler: __TI_zero_init


GLOBAL SYMBOLS: SORTED ALPHABETICALLY BY Name 

address   name                                  
-------   ----                                  
2000a35d  Adafruit_Init                         
2000bf6d  BuzzerBeep                            
2000c075  BuzzerBeepDone                        
2000bfaf  BuzzerBeepGoDown                      
2000bfed  BuzzerBeepGoUp                        
2000c033  BuzzerBeepGood                        
20012c8b  C$$EXIT                               
20012af3  CPUcpsie                              
200120b5  ChangeState                           
2000b4c1  ClearTerm                             
2000a4d7  Color565                              
200122d1  DelaySeconds                          
20012411  DmaSpiSwIntHandler                    
2000b4cb  Error                                 
20011f7d  GPIODirModeSet                        
20012b07  GPIOIntClear                          
20012821  GPIOIntEnable                         
20012651  GPIOIntRegister                       
200124e9  GPIOIntStatus                         
200107d9  GPIOIntTypeSet                        
200128f1  GPIOPinRead                           
20012571  GPIOPinWrite                          
2000ae89  GPIO_IF_ConfigureNIntEnable           
2000af15  GPIO_IF_Get                           
2000ae43  GPIO_IF_GetPortNPin                   
2000ac05  GPIO_IF_LedConfigure                  
2000acf7  GPIO_IF_LedOff                        
2000ac43  GPIO_IF_LedOn                         
2000adab  GPIO_IF_LedStatus                     
2000ae15  GPIO_IF_LedToggle                     
2000aed1  GPIO_IF_Set                           
2000b503  GetCmd                                
2000c55b  HCSR04_DelayUs                        
2000c539  HCSR04_ElapsedTicks                   
2000c679  HCSR04_GetDistanceCm                  
2000c52d  HCSR04_GetTimerTicks                  
2000c4ed  HCSR04_Init                           
2000c5b1  HCSR04_ReadEchoUs                     
2000c583  HCSR04_Trigger                        
20012b59  I2CMasterControl                      
20012be1  I2CMasterDataGet                      
20012a59  I2CMasterDataPut                      
20012a6f  I2CMasterEnable                       
20012173  I2CMasterErr                          
200106d1  I2CMasterInitExpClk                   
20012a85  I2CMasterIntClear                     
20012909  I2CMasterIntEnableEx                  
2001266f  I2CMasterIntStatusEx                  
2001250b  I2CMasterSlaveAddrSet                 
20012b6b  I2CMasterTimeoutSet                   
2000b1eb  I2C_IF_Close                          
2000b18f  I2C_IF_Open                           
2000b08d  I2C_IF_Read                           
2000b149  I2C_IF_ReadFrom                       
2000afdd  I2C_IF_Write                          
2000b481  InitTerm                              
2000c22d  InputHandler                          
2000f721  IntDisable                            
2000f7c9  IntEnable                             
20012c53  IntMasterEnable                       
20011305  IntPendClear                          
2001140d  IntPrioritySet                        
20012591  IntRegister                           
20012435  IntUnregister                         
20012b1d  IntVTableBaseSet                      
2000b49f  Message                               
20012c19  NwpMaskInterrupt                      
20011e2d  NwpPowerOff                           
200121a1  NwpPowerOn                            
200125b1  NwpPrePowerOffTimout0                 
20011c85  NwpRegisterInterruptHandler           
20012c25  NwpUnMaskInterrupt                    
20013650  OpcodeTranslateTable                  
200079db  Outstr                                
2000d0a9  PRCMCC3200MCUInit                     
20012a9b  PRCMHIBRegRead                        
20012ab1  PRCMHIBRegWrite                       
200122f9  PRCMPeripheralClkDisable              
20011d3d  PRCMPeripheralClkEnable               
2000ff1d  PRCMPeripheralClockGet                
2001135d  PRCMPeripheralReset                   
20011fb5  PRCMPeripheralStatusGet               
200121cd  PRCMSysResetCauseGet                  
2000e34d  ParseNProcessCmd                      
2001053d  PinConfigSet                          
20011ac5  PinModeSet                            
2000d391  PinMuxConfig                          
20012085  PinTypeGPIO                           
20012723  PinTypeI2C                            
2001283b  PinTypeSPI                            
20012855  PinTypeUART                           
2000e29d  ProcessReadRegCommand                 
2000b641  Report                                
20012c0b  ResetISR                              
20017a58  RxIrqCnt                              
20012921  SPICSDisable                          
20012939  SPICSEnable                           
2000f915  SPIConfigSetExpClk                    
200125d1  SPIDataGet                            
2001268d  SPIDataPut                            
20012951  SPIDisable                            
2001286f  SPIDmaDisable                         
20012889  SPIDmaEnable                          
20012969  SPIEnable                             
200128a3  SPIFIFODisable                        
200128bd  SPIFIFOEnable                         
20011fe9  SPIFIFOLevelSet                       
20008501  SPIInit                               
20011811  SPIIntClear                           
20011601  SPIIntEnable                          
200128d7  SPIIntUnregister                      
2001252d  SPIReset                              
2001254f  SPIWordCountSet                       
20012c49  SetupI2C                              
2000c1b3  SetupIR                               
20010d81  SetupSysTick                          
20005835  SimpleLinkGeneralEventHandler         
20005811  SimpleLinkHttpServerCallback          
20005771  SimpleLinkNetAppEventHandler          
20005855  SimpleLinkSockEventHandler            
20005663  SimpleLinkWlanEventHandler            
20012ba1  SysTickDisable                        
20012bb1  SysTickEnable                         
20012bc1  SysTickIntEnable                      
20012741  SysTickIntRegister                    
20012981  SysTickPeriodSet                      
20012c31  SysTickValueGet                       
2001192d  TimerConfigure                        
200126ab  TimerDisable                          
200126c9  TimerEnable                           
200125f1  TimerGetCurrentTimestamp              
20012251  TimerLoadSet                          
2001227b  TimerPrescaleSet                      
2001275d  TimerValueGet                         
2000b5a9  TrimSpace                             
20012779  UARTCharGetNonBlocking                
200126e7  UARTCharPut                           
20012999  UARTCharsAvail                        
20010b49  UARTConfigSetExpClk                   
200120e5  UARTDisable                           
20012459  UARTEnable                            
20012c81  UtilsDelay                            
2001368c  _SlActionLookupTable                  
2000f871  _SlDriverHandleError                  
20011859  _SlDrvBasicCmd                        
2000f4fd  _SlDrvCmdOp                           
20010ded  _SlDrvCmdSend                         
2000bbad  _SlDrvDataReadOp                      
2000d655  _SlDrvDataWriteOp                     
2000faf1  _SlDrvDeviceEventHandler              
20012bd1  _SlDrvDispatchHttpServerEvents        
2000df1d  _SlDrvDriverCBDeinit                  
2000ca3d  _SlDrvDriverCBInit                    
20012321  _SlDrvGlobalObjUnLock                 
20011971  _SlDrvHandleHttpServerEvents          
20011b05  _SlDrvHandleNetAppEvents              
20011b45  _SlDrvHandleWlanEvents                
20010399  _SlDrvIsTimeoutExpired                
20012ac7  _SlDrvMemZero                         
2000ed61  _SlDrvMsgReadSpawnCtx                 
2000e4c1  _SlDrvNetAppEventHandler              
200123e9  _SlDrvObjLockWaitForever              
20012611  _SlDrvObjUnLock                       
20011699  _SlDrvProtectAsyncRespSetting         
20012225  _SlDrvProtectionObjLockWaitForever    
20012349  _SlDrvProtectionObjUnLock             
2000c31d  _SlDrvReleasePoolObj                  
20012bef  _SlDrvResetCmdExt                     
20011461  _SlDrvRxIrqHandler                    
20012795  _SlDrvStartMeasureTimeout             
20012631  _SlDrvSyncObjSignal                   
20012371  _SlDrvSyncObjWaitForever              
200119b5  _SlDrvSyncObjWaitTimeout              
2000cd8d  _SlDrvWaitForPoolObj                  
2001386c  _SlNetAppSendTokenValueCmdCtrl        
20010bc1  _SlNonOsMainLoopTask                  
2000f671  _SlNonOsSemGet                        
200129b1  _SlNonOsSemSet                        
20010f95  _SlNonOsSpawn                         
20030000  __STACK_END                           
00000800  __STACK_SIZE                          
00000800  __SYSMEM_SIZE                         
20013918  __TI_CINIT_Base                       
20013928  __TI_CINIT_Limit                      
20013900  __TI_Handler_Table_Base               
2001390c  __TI_Handler_Table_Limit              
200119f9  __TI_auto_init_nobinit_nopinit        
20010f2d  __TI_decompress_lzss                  
20012bfd  __TI_decompress_none                  
200114b5  __TI_ltoa                             
ffffffff  __TI_pprof_out_hndl                   
20007ab1  __TI_printfi                          
ffffffff  __TI_prof_data_size                   
ffffffff  __TI_prof_data_start                  
20006539  __TI_scanfi                           
200138b0  __TI_static_base__                    
200127b1  __TI_zero_init_nomemset               
200105c5  __aeabi_cdcmpeq                       
200105c5  __aeabi_cdcmple                       
2001064b  __aeabi_cdrcmple                      
20010d13  __aeabi_d2f                           
200118a1  __aeabi_d2iz                          
2000c88f  __aeabi_dadd                          
2000dcb1  __aeabi_ddiv                          
2000e6c5  __aeabi_dmul                          
2000c885  __aeabi_dsub                          
20012c69  __aeabi_errno_addr                    
20011e65  __aeabi_f2d                           
20011e9d  __aeabi_f2iz                          
2001201d  __aeabi_f2uiz                         
2000e7c5  __aeabi_fadd                          
2000ffb1  __aeabi_fdiv                          
200109dd  __aeabi_fmul                          
2000e7c1  __aeabi_fsub                          
20012145  __aeabi_i2d                           
20011ed5  __aeabi_i2f                           
2000ca3b  __aeabi_idiv0                         
2000ca3b  __aeabi_ldiv0                         
20012a11  __aeabi_lmul                          
20010a57  __aeabi_memclr                        
20010a57  __aeabi_memclr4                       
20010a57  __aeabi_memclr8                       
2000fa55  __aeabi_memcpy                        
2000fa55  __aeabi_memcpy4                       
2000fa55  __aeabi_memcpy8                       
20010a59  __aeabi_memset                        
20010a59  __aeabi_memset4                       
20010a59  __aeabi_memset8                       
200124a1  __aeabi_ui2f                          
2000fe85  __aeabi_uldivmod                      
ffffffff  __binit__                             
ffffffff  __c_args__                            
UNDEFED   __mpu_init                            
2002f800  __stack                               
20017000  __start___llvm_prf_cnts               
20017000  __stop___llvm_prf_cnts                
2001247d  _c_int00_noargs                       
2001318b  _ctypes_                              
20017b20  _lock                                 
2000a773  _nop                                  
20010ff9  _sl_HandleAsync_Accept                
2001085d  _sl_HandleAsync_Connect               
20010045  _sl_HandleAsync_DnsGetHostByName      
2000f2a1  _sl_HandleAsync_DnsGetHostByService   
20010425  _sl_HandleAsync_InitComplete          
200100d5  _sl_HandleAsync_PingResponse          
20011509  _sl_HandleAsync_Select                
200115b1  _sl_HandleAsync_Stop                  
20010e59  _sl_NetAppSendTokenValue              
20017000  _sys_memory                           
UNDEFED   _system_post_cinit                    
20012c87  _system_pre_init                      
20017b24  _unlock                               
20012c8b  abort                                 
2000e5c5  aligned_alloc                         
20011731  atoi                                  
ffffffff  binit                                 
200179b8  bits                                  
20009927  calculatePlankCalories                
20009c51  calculatePushupCalories               
20017ae8  calorieGoal                           
20004401  centerY                               
20004419  centeredStringWriter                  
200101f5  checkValidOrientation                 
2000510d  clearMenu                             
20006205  connectToAccessPoint                  
20012c3d  copysign                              
20012c3d  copysignl                             
20017b44  currentState                          
20017a9c  cursor_x                              
20017aa0  cursor_y                              
20004b95  deselectIcon                          
20004fb9  displayExerciseMenu                   
200053f5  displayGetReadyMenu                   
200044c3  displayLoadingScreen                  
20004c35  displayMainMenu                       
20005149  displayPlankResults                   
200050e1  displayPlanksInterface                
20005275  displayPushupResults                  
200050f7  displayPushupsInterface               
20005375  displayResultsMenu                    
20005467  displaySetupBodyWeight                
20005501  displaySetupCalorieGoal               
2000452f  displaySplash                         
20004e55  displayStatsMenu                      
20017b34  displayedDigits                       
2000788f  drawChar                              
20007031  drawCircle                            
20007165  drawCircleHelper                      
2000a67d  drawFastHLine                         
2000a5e1  drawFastVLine                         
20004adf  drawIconSelection                     
200073ab  drawLine                              
2000a719  drawPixel                             
200048f1  drawPlanksIcon                        
200049b5  drawPushupsIcon                       
20007497  drawRect                              
200074e5  drawRoundRect                         
20004649  drawSettingsIcon                      
20004855  drawStatsIcon                         
20004c67  drawTimer                             
2000764d  drawTriangle                          
20017b48  errno                                 
20007283  fillCircle                            
200072bd  fillCircleHelper                      
2000a52f  fillRect                              
2000459f  fillRotatedSquare45                   
200075d3  fillRoundRect                         
2000a519  fillScreen                            
2000768f  fillTriangle                          
2000ee49  free                                  
200112a9  frexp                                 
200112a9  frexpl                                
20017a50  g_Host                                
20017aec  g_SlDeviceStatus                      
20017b14  g_SpiFd                               
20017a60  g__SlNonOsCB                          
20017a38  g_app_config                          
20017a59  g_bDeviceRestartIsRequired            
20017a5a  g_cDummy                              
20017af0  g_pCB                                 
20017b18  g_pHostIntHdl                         
20004000  g_pfnVectors                          
20017a54  g_port                                
200179e8  g_time                                
20017a40  g_ucConnectionBSSID                   
20017a14  g_ucConnectionSSID                    
20017b1c  g_ucDMAEnabled                        
20017968  g_ucDinDout                           
20017a5b  g_ucLED1Pin                           
20017a5c  g_ucLED2Pin                           
20017a5d  g_ucLED3Pin                           
20017afc  g_uiLED1Port                          
20017b00  g_uiLED2Port                          
20017b04  g_uiLED3Port                          
20017b10  g_ulGatewayIP                         
20017b0c  g_ulPingPacketsRecv                   
20017b08  g_ulStatus                            
20009ce1  getWeeklyStats                        
200094cb  getWeeklySumAWS                       
2000a493  goTo                                  
20009973  handlePlankResults                    
20009cb1  handlePushupResults                   
20007a8f  height                                
20017b40  iTLSSockID                            
2000a757  invert                                
2000c1ed  isHeldButton                          
20017ac4  lastCommand                           
2000f1d1  ldexp                                 
2000f1d1  ldexpl                                
20008551  main                                  
20017b46  mainMenu_SelectedButton               
20012c79  malloc                                
2000e5c5  memalign                              
200127e9  memccpy                               
2000fa55  memcpy                                
200123c1  memmove                               
20010a5f  memset                                
20017ac0  numBitsRead                           
20017b3c  numMs                                 
20017b38  numResets                             
20017af4  pPingCallBackFunc                     
2000972d  planksRoutine                         
20008fb5  postCalorieStatsAWS                   
200099e1  pushupsRoutine                        
2000ef2d  realloc                               
20017adc  results                               
2000f1d1  scalbn                                
2000f1d1  scalbnl                               
20004be1  selectIcon                            
20017b47  selectedExercise                      
20017b30  selectedIcon                          
20007a27  setCursor                             
20007a5f  setTextColor                          
20007a3f  setTextSize                           
20007a77  setTextWrap                           
20017ae0  setting                               
20008f4b  setupAWS                              
20008f31  setupNetwork                          
20011d79  simplelink_timerA2_start              
20011189  sl_Close                              
2000cf1d  sl_Connect                            
2000f36d  sl_DevGet                             
2000fb8d  sl_DevSet                             
20011a81  sl_Htonl                              
20011db5  sl_Htons                              
2000da31  sl_NetAppDnsGetHostByName             
2000f011  sl_NetAppMDNSRegisterUnregisterService
2001105d  sl_NetAppMDNSUnRegisterService        
2000fc25  sl_NetCfgSet                          
2000563d  sl_Provisioning_HttpServerEventHdl    
2000564b  sl_Provisioning_NetAppEventHdl        
20005657  sl_Provisioning_WlanEventHdl          
2000f9b5  sl_Recv                               
2000dde9  sl_Send                               
2000fcbd  sl_SetSockOpt                         
200104b1  sl_Socket                             
2000eb8d  sl_Start                              
2000e8bd  sl_Stop                               
2000b201  sl_WlanConnect                        
20011f0d  sl_WlanDisconnect                     
20010165  sl_WlanPolicySet                      
200111e9  sl_WlanProfileDel                     
20010755  sl_WlanRxFilterSet                    
2000fd55  sl_WlanSet                            
20011249  sl_WlanSetMode                        
20010ad1  spi_Close                             
2000d7a5  spi_Open                              
2000e9ad  spi_Read                              
2000fded  spi_Write                             
20011bc5  sprintf                               
20011f45  sscanf                                
20012add  strchr                                
20012a29  strcmp                                
20012b31  strcpy                                
200124c5  strcspn                               
20012b45  strlen                                
20012a41  strrchr                               
200122a5  strspn                                
20012051  strstr                                
2000a775  strtod                                
20011c05  strtok                                
2000e04d  strtol                                
2000a775  strtold                               
2000bd91  strtoll                               
2000e3b1  strtoul                               
2000d4f9  strtoull                              
20017aac  textbgcolor                           
20017aa8  textcolor                             
20017aa4  textsize                              
20006025  tls_connect                           
20017b45  transitionState                       
2001177d  uDMAChannelAssign                     
200110c1  uDMAChannelAttributeDisable           
20011125  uDMAChannelAttributeEnable            
20011df1  uDMAChannelControlSet                 
20012805  uDMAChannelEnable                     
2000ea9d  uDMAChannelTransferSet                
20011c45  vsnprintf                             
20012b8f  wcslen                                
20017ae4  weightKg                              
20007a8b  width                                 
20017ab0  wrap                                  
2000449b  writeCenteredString                   
20004475  writeCenteredStringLoading            
2000a2c9  writeCommand                          
2000a313  writeData                             


GLOBAL SYMBOLS: SORTED BY Symbol Address 

address   name                                  
-------   ----                                  
00000800  __STACK_SIZE                          
00000800  __SYSMEM_SIZE                         
20004000  g_pfnVectors                          
20004401  centerY                               
20004419  centeredStringWriter                  
20004475  writeCenteredStringLoading            
2000449b  writeCenteredString                   
200044c3  displayLoadingScreen                  
2000452f  displaySplash                         
2000459f  fillRotatedSquare45                   
20004649  drawSettingsIcon                      
20004855  drawStatsIcon                         
200048f1  drawPlanksIcon                        
200049b5  drawPushupsIcon                       
20004adf  drawIconSelection                     
20004b95  deselectIcon                          
20004be1  selectIcon                            
20004c35  displayMainMenu                       
20004c67  drawTimer                             
20004e55  displayStatsMenu                      
20004fb9  displayExerciseMenu                   
200050e1  displayPlanksInterface                
200050f7  displayPushupsInterface               
2000510d  clearMenu                             
20005149  displayPlankResults                   
20005275  displayPushupResults                  
20005375  displayResultsMenu                    
200053f5  displayGetReadyMenu                   
20005467  displaySetupBodyWeight                
20005501  displaySetupCalorieGoal               
2000563d  sl_Provisioning_HttpServerEventHdl    
2000564b  sl_Provisioning_NetAppEventHdl        
20005657  sl_Provisioning_WlanEventHdl          
20005663  SimpleLinkWlanEventHandler            
20005771  SimpleLinkNetAppEventHandler          
20005811  SimpleLinkHttpServerCallback          
20005835  SimpleLinkGeneralEventHandler         
20005855  SimpleLinkSockEventHandler            
20006025  tls_connect                           
20006205  connectToAccessPoint                  
20006539  __TI_scanfi                           
20007031  drawCircle                            
20007165  drawCircleHelper                      
20007283  fillCircle                            
200072bd  fillCircleHelper                      
200073ab  drawLine                              
20007497  drawRect                              
200074e5  drawRoundRect                         
200075d3  fillRoundRect                         
2000764d  drawTriangle                          
2000768f  fillTriangle                          
2000788f  drawChar                              
200079db  Outstr                                
20007a27  setCursor                             
20007a3f  setTextSize                           
20007a5f  setTextColor                          
20007a77  setTextWrap                           
20007a8b  width                                 
20007a8f  height                                
20007ab1  __TI_printfi                          
20008501  SPIInit                               
20008551  main                                  
20008f31  setupNetwork                          
20008f4b  setupAWS                              
20008fb5  postCalorieStatsAWS                   
200094cb  getWeeklySumAWS                       
2000972d  planksRoutine                         
20009927  calculatePlankCalories                
20009973  handlePlankResults                    
200099e1  pushupsRoutine                        
20009c51  calculatePushupCalories               
20009cb1  handlePushupResults                   
20009ce1  getWeeklyStats                        
2000a2c9  writeCommand                          
2000a313  writeData                             
2000a35d  Adafruit_Init                         
2000a493  goTo                                  
2000a4d7  Color565                              
2000a519  fillScreen                            
2000a52f  fillRect                              
2000a5e1  drawFastVLine                         
2000a67d  drawFastHLine                         
2000a719  drawPixel                             
2000a757  invert                                
2000a773  _nop                                  
2000a775  strtod                                
2000a775  strtold                               
2000ac05  GPIO_IF_LedConfigure                  
2000ac43  GPIO_IF_LedOn                         
2000acf7  GPIO_IF_LedOff                        
2000adab  GPIO_IF_LedStatus                     
2000ae15  GPIO_IF_LedToggle                     
2000ae43  GPIO_IF_GetPortNPin                   
2000ae89  GPIO_IF_ConfigureNIntEnable           
2000aed1  GPIO_IF_Set                           
2000af15  GPIO_IF_Get                           
2000afdd  I2C_IF_Write                          
2000b08d  I2C_IF_Read                           
2000b149  I2C_IF_ReadFrom                       
2000b18f  I2C_IF_Open                           
2000b1eb  I2C_IF_Close                          
2000b201  sl_WlanConnect                        
2000b481  InitTerm                              
2000b49f  Message                               
2000b4c1  ClearTerm                             
2000b4cb  Error                                 
2000b503  GetCmd                                
2000b5a9  TrimSpace                             
2000b641  Report                                
2000bbad  _SlDrvDataReadOp                      
2000bd91  strtoll                               
2000bf6d  BuzzerBeep                            
2000bfaf  BuzzerBeepGoDown                      
2000bfed  BuzzerBeepGoUp                        
2000c033  BuzzerBeepGood                        
2000c075  BuzzerBeepDone                        
2000c1b3  SetupIR                               
2000c1ed  isHeldButton                          
2000c22d  InputHandler                          
2000c31d  _SlDrvReleasePoolObj                  
2000c4ed  HCSR04_Init                           
2000c52d  HCSR04_GetTimerTicks                  
2000c539  HCSR04_ElapsedTicks                   
2000c55b  HCSR04_DelayUs                        
2000c583  HCSR04_Trigger                        
2000c5b1  HCSR04_ReadEchoUs                     
2000c679  HCSR04_GetDistanceCm                  
2000c885  __aeabi_dsub                          
2000c88f  __aeabi_dadd                          
2000ca3b  __aeabi_idiv0                         
2000ca3b  __aeabi_ldiv0                         
2000ca3d  _SlDrvDriverCBInit                    
2000cd8d  _SlDrvWaitForPoolObj                  
2000cf1d  sl_Connect                            
2000d0a9  PRCMCC3200MCUInit                     
2000d391  PinMuxConfig                          
2000d4f9  strtoull                              
2000d655  _SlDrvDataWriteOp                     
2000d7a5  spi_Open                              
2000da31  sl_NetAppDnsGetHostByName             
2000dcb1  __aeabi_ddiv                          
2000dde9  sl_Send                               
2000df1d  _SlDrvDriverCBDeinit                  
2000e04d  strtol                                
2000e29d  ProcessReadRegCommand                 
2000e34d  ParseNProcessCmd                      
2000e3b1  strtoul                               
2000e4c1  _SlDrvNetAppEventHandler              
2000e5c5  aligned_alloc                         
2000e5c5  memalign                              
2000e6c5  __aeabi_dmul                          
2000e7c1  __aeabi_fsub                          
2000e7c5  __aeabi_fadd                          
2000e8bd  sl_Stop                               
2000e9ad  spi_Read                              
2000ea9d  uDMAChannelTransferSet                
2000eb8d  sl_Start                              
2000ed61  _SlDrvMsgReadSpawnCtx                 
2000ee49  free                                  
2000ef2d  realloc                               
2000f011  sl_NetAppMDNSRegisterUnregisterService
2000f1d1  ldexp                                 
2000f1d1  ldexpl                                
2000f1d1  scalbn                                
2000f1d1  scalbnl                               
2000f2a1  _sl_HandleAsync_DnsGetHostByService   
2000f36d  sl_DevGet                             
2000f4fd  _SlDrvCmdOp                           
2000f671  _SlNonOsSemGet                        
2000f721  IntDisable                            
2000f7c9  IntEnable                             
2000f871  _SlDriverHandleError                  
2000f915  SPIConfigSetExpClk                    
2000f9b5  sl_Recv                               
2000fa55  __aeabi_memcpy                        
2000fa55  __aeabi_memcpy4                       
2000fa55  __aeabi_memcpy8                       
2000fa55  memcpy                                
2000faf1  _SlDrvDeviceEventHandler              
2000fb8d  sl_DevSet                             
2000fc25  sl_NetCfgSet                          
2000fcbd  sl_SetSockOpt                         
2000fd55  sl_WlanSet                            
2000fded  spi_Write                             
2000fe85  __aeabi_uldivmod                      
2000ff1d  PRCMPeripheralClockGet                
2000ffb1  __aeabi_fdiv                          
20010045  _sl_HandleAsync_DnsGetHostByName      
200100d5  _sl_HandleAsync_PingResponse          
20010165  sl_WlanPolicySet                      
200101f5  checkValidOrientation                 
20010399  _SlDrvIsTimeoutExpired                
20010425  _sl_HandleAsync_InitComplete          
200104b1  sl_Socket                             
2001053d  PinConfigSet                          
200105c5  __aeabi_cdcmpeq                       
200105c5  __aeabi_cdcmple                       
2001064b  __aeabi_cdrcmple                      
200106d1  I2CMasterInitExpClk                   
20010755  sl_WlanRxFilterSet                    
200107d9  GPIOIntTypeSet                        
2001085d  _sl_HandleAsync_Connect               
200109dd  __aeabi_fmul                          
20010a57  __aeabi_memclr                        
20010a57  __aeabi_memclr4                       
20010a57  __aeabi_memclr8                       
20010a59  __aeabi_memset                        
20010a59  __aeabi_memset4                       
20010a59  __aeabi_memset8                       
20010a5f  memset                                
20010ad1  spi_Close                             
20010b49  UARTConfigSetExpClk                   
20010bc1  _SlNonOsMainLoopTask                  
20010d13  __aeabi_d2f                           
20010d81  SetupSysTick                          
20010ded  _SlDrvCmdSend                         
20010e59  _sl_NetAppSendTokenValue              
20010f2d  __TI_decompress_lzss                  
20010f95  _SlNonOsSpawn                         
20010ff9  _sl_HandleAsync_Accept                
2001105d  sl_NetAppMDNSUnRegisterService        
200110c1  uDMAChannelAttributeDisable           
20011125  uDMAChannelAttributeEnable            
20011189  sl_Close                              
200111e9  sl_WlanProfileDel                     
20011249  sl_WlanSetMode                        
200112a9  frexp                                 
200112a9  frexpl                                
20011305  IntPendClear                          
2001135d  PRCMPeripheralReset                   
2001140d  IntPrioritySet                        
20011461  _SlDrvRxIrqHandler                    
200114b5  __TI_ltoa                             
20011509  _sl_HandleAsync_Select                
200115b1  _sl_HandleAsync_Stop                  
20011601  SPIIntEnable                          
20011699  _SlDrvProtectAsyncRespSetting         
20011731  atoi                                  
2001177d  uDMAChannelAssign                     
20011811  SPIIntClear                           
20011859  _SlDrvBasicCmd                        
200118a1  __aeabi_d2iz                          
2001192d  TimerConfigure                        
20011971  _SlDrvHandleHttpServerEvents          
200119b5  _SlDrvSyncObjWaitTimeout              
200119f9  __TI_auto_init_nobinit_nopinit        
20011a81  sl_Htonl                              
20011ac5  PinModeSet                            
20011b05  _SlDrvHandleNetAppEvents              
20011b45  _SlDrvHandleWlanEvents                
20011bc5  sprintf                               
20011c05  strtok                                
20011c45  vsnprintf                             
20011c85  NwpRegisterInterruptHandler           
20011d3d  PRCMPeripheralClkEnable               
20011d79  simplelink_timerA2_start              
20011db5  sl_Htons                              
20011df1  uDMAChannelControlSet                 
20011e2d  NwpPowerOff                           
20011e65  __aeabi_f2d                           
20011e9d  __aeabi_f2iz                          
20011ed5  __aeabi_i2f                           
20011f0d  sl_WlanDisconnect                     
20011f45  sscanf                                
20011f7d  GPIODirModeSet                        
20011fb5  PRCMPeripheralStatusGet               
20011fe9  SPIFIFOLevelSet                       
2001201d  __aeabi_f2uiz                         
20012051  strstr                                
20012085  PinTypeGPIO                           
200120b5  ChangeState                           
200120e5  UARTDisable                           
20012145  __aeabi_i2d                           
20012173  I2CMasterErr                          
200121a1  NwpPowerOn                            
200121cd  PRCMSysResetCauseGet                  
20012225  _SlDrvProtectionObjLockWaitForever    
20012251  TimerLoadSet                          
2001227b  TimerPrescaleSet                      
200122a5  strspn                                
200122d1  DelaySeconds                          
200122f9  PRCMPeripheralClkDisable              
20012321  _SlDrvGlobalObjUnLock                 
20012349  _SlDrvProtectionObjUnLock             
20012371  _SlDrvSyncObjWaitForever              
200123c1  memmove                               
200123e9  _SlDrvObjLockWaitForever              
20012411  DmaSpiSwIntHandler                    
20012435  IntUnregister                         
20012459  UARTEnable                            
2001247d  _c_int00_noargs                       
200124a1  __aeabi_ui2f                          
200124c5  strcspn                               
200124e9  GPIOIntStatus                         
2001250b  I2CMasterSlaveAddrSet                 
2001252d  SPIReset                              
2001254f  SPIWordCountSet                       
20012571  GPIOPinWrite                          
20012591  IntRegister                           
200125b1  NwpPrePowerOffTimout0                 
200125d1  SPIDataGet                            
200125f1  TimerGetCurrentTimestamp              
20012611  _SlDrvObjUnLock                       
20012631  _SlDrvSyncObjSignal                   
20012651  GPIOIntRegister                       
2001266f  I2CMasterIntStatusEx                  
2001268d  SPIDataPut                            
200126ab  TimerDisable                          
200126c9  TimerEnable                           
200126e7  UARTCharPut                           
20012723  PinTypeI2C                            
20012741  SysTickIntRegister                    
2001275d  TimerValueGet                         
20012779  UARTCharGetNonBlocking                
20012795  _SlDrvStartMeasureTimeout             
200127b1  __TI_zero_init_nomemset               
200127e9  memccpy                               
20012805  uDMAChannelEnable                     
20012821  GPIOIntEnable                         
2001283b  PinTypeSPI                            
20012855  PinTypeUART                           
2001286f  SPIDmaDisable                         
20012889  SPIDmaEnable                          
200128a3  SPIFIFODisable                        
200128bd  SPIFIFOEnable                         
200128d7  SPIIntUnregister                      
200128f1  GPIOPinRead                           
20012909  I2CMasterIntEnableEx                  
20012921  SPICSDisable                          
20012939  SPICSEnable                           
20012951  SPIDisable                            
20012969  SPIEnable                             
20012981  SysTickPeriodSet                      
20012999  UARTCharsAvail                        
200129b1  _SlNonOsSemSet                        
20012a11  __aeabi_lmul                          
20012a29  strcmp                                
20012a41  strrchr                               
20012a59  I2CMasterDataPut                      
20012a6f  I2CMasterEnable                       
20012a85  I2CMasterIntClear                     
20012a9b  PRCMHIBRegRead                        
20012ab1  PRCMHIBRegWrite                       
20012ac7  _SlDrvMemZero                         
20012add  strchr                                
20012af3  CPUcpsie                              
20012b07  GPIOIntClear                          
20012b1d  IntVTableBaseSet                      
20012b31  strcpy                                
20012b45  strlen                                
20012b59  I2CMasterControl                      
20012b6b  I2CMasterTimeoutSet                   
20012b8f  wcslen                                
20012ba1  SysTickDisable                        
20012bb1  SysTickEnable                         
20012bc1  SysTickIntEnable                      
20012bd1  _SlDrvDispatchHttpServerEvents        
20012be1  I2CMasterDataGet                      
20012bef  _SlDrvResetCmdExt                     
20012bfd  __TI_decompress_none                  
20012c0b  ResetISR                              
20012c19  NwpMaskInterrupt                      
20012c25  NwpUnMaskInterrupt                    
20012c31  SysTickValueGet                       
20012c3d  copysign                              
20012c3d  copysignl                             
20012c49  SetupI2C                              
20012c53  IntMasterEnable                       
20012c69  __aeabi_errno_addr                    
20012c79  malloc                                
20012c81  UtilsDelay                            
20012c87  _system_pre_init                      
20012c8b  C$$EXIT                               
20012c8b  abort                                 
2001318b  _ctypes_                              
20013650  OpcodeTranslateTable                  
2001368c  _SlActionLookupTable                  
2001386c  _SlNetAppSendTokenValueCmdCtrl        
200138b0  __TI_static_base__                    
20013900  __TI_Handler_Table_Base               
2001390c  __TI_Handler_Table_Limit              
20013918  __TI_CINIT_Base                       
20013928  __TI_CINIT_Limit                      
20017000  __start___llvm_prf_cnts               
20017000  __stop___llvm_prf_cnts                
20017000  _sys_memory                           
20017968  g_ucDinDout                           
200179b8  bits                                  
200179e8  g_time                                
20017a14  g_ucConnectionSSID                    
20017a38  g_app_config                          
20017a40  g_ucConnectionBSSID                   
20017a50  g_Host                                
20017a54  g_port                                
20017a58  RxIrqCnt                              
20017a59  g_bDeviceRestartIsRequired            
20017a5a  g_cDummy                              
20017a5b  g_ucLED1Pin                           
20017a5c  g_ucLED2Pin                           
20017a5d  g_ucLED3Pin                           
20017a60  g__SlNonOsCB                          
20017a9c  cursor_x                              
20017aa0  cursor_y                              
20017aa4  textsize                              
20017aa8  textcolor                             
20017aac  textbgcolor                           
20017ab0  wrap                                  
20017ac0  numBitsRead                           
20017ac4  lastCommand                           
20017adc  results                               
20017ae0  setting                               
20017ae4  weightKg                              
20017ae8  calorieGoal                           
20017aec  g_SlDeviceStatus                      
20017af0  g_pCB                                 
20017af4  pPingCallBackFunc                     
20017afc  g_uiLED1Port                          
20017b00  g_uiLED2Port                          
20017b04  g_uiLED3Port                          
20017b08  g_ulStatus                            
20017b0c  g_ulPingPacketsRecv                   
20017b10  g_ulGatewayIP                         
20017b14  g_SpiFd                               
20017b18  g_pHostIntHdl                         
20017b1c  g_ucDMAEnabled                        
20017b20  _lock                                 
20017b24  _unlock                               
20017b30  selectedIcon                          
20017b34  displayedDigits                       
20017b38  numResets                             
20017b3c  numMs                                 
20017b40  iTLSSockID                            
20017b44  currentState                          
20017b45  transitionState                       
20017b46  mainMenu_SelectedButton               
20017b47  selectedExercise                      
20017b48  errno                                 
2002f800  __stack                               
20030000  __STACK_END                           
ffffffff  __TI_pprof_out_hndl                   
ffffffff  __TI_prof_data_size                   
ffffffff  __TI_prof_data_start                  
ffffffff  __binit__                             
ffffffff  __c_args__                            
ffffffff  binit                                 
UNDEFED   __mpu_init                            
UNDEFED   _system_post_cinit                    

[447 symbols]
